Component: ARM Compiler 5.06 update 6 (build 750) Tool: armlink [4d35ed]

==============================================================================

Section Cross References

    startup_stm32l431xx.o(RESET) refers to startup_stm32l431xx.o(STACK) for __initial_sp
    startup_stm32l431xx.o(RESET) refers to startup_stm32l431xx.o(.text) for Reset_Handler
    startup_stm32l431xx.o(RESET) refers to stm32l4xx_it.o(i.NMI_Handler) for NMI_Handler
    startup_stm32l431xx.o(RESET) refers to stm32l4xx_it.o(i.HardFault_Handler) for HardFault_Handler
    startup_stm32l431xx.o(RESET) refers to stm32l4xx_it.o(i.MemManage_Handler) for MemManage_Handler
    startup_stm32l431xx.o(RESET) refers to stm32l4xx_it.o(i.BusFault_Handler) for BusFault_Handler
    startup_stm32l431xx.o(RESET) refers to stm32l4xx_it.o(i.UsageFault_Handler) for UsageFault_Handler
    startup_stm32l431xx.o(RESET) refers to stm32l4xx_it.o(i.SVC_Handler) for SVC_Handler
    startup_stm32l431xx.o(RESET) refers to stm32l4xx_it.o(i.DebugMon_Handler) for DebugMon_Handler
    startup_stm32l431xx.o(RESET) refers to los_dispatch_keil.o(.text) for PendSV_Handler
    startup_stm32l431xx.o(RESET) refers to los_hwi.o(i.SysTick_Handler) for SysTick_Handler
    startup_stm32l431xx.o(RESET) refers to stm32l4xx_it.o(i.EXTI2_IRQHandler) for EXTI2_IRQHandler
    startup_stm32l431xx.o(RESET) refers to stm32l4xx_it.o(i.EXTI3_IRQHandler) for EXTI3_IRQHandler
    startup_stm32l431xx.o(RESET) refers to stm32l4xx_it.o(i.DMA1_Channel5_IRQHandler) for DMA1_Channel5_IRQHandler
    startup_stm32l431xx.o(RESET) refers to stm32l4xx_it.o(i.USART1_IRQHandler) for USART1_IRQHandler
    startup_stm32l431xx.o(RESET) refers to stm32l4xx_it.o(i.DMA2_Channel7_IRQHandler) for DMA2_Channel7_IRQHandler
    startup_stm32l431xx.o(RESET) refers to stm32l4xx_it.o(i.LPUART1_IRQHandler) for LPUART1_IRQHandler
    startup_stm32l431xx.o(.text) refers to system_stm32l4xx.o(i.SystemInit) for SystemInit
    startup_stm32l431xx.o(.text) refers to entry.o(.ARM.Collect$$$$00000000) for __main
    main.o(i.AppTaskCreate) refers to los_sem.o(i.LOS_SemCreate) for LOS_SemCreate
    main.o(i.AppTaskCreate) refers to los_task.o(i.LOS_TaskCreate) for LOS_TaskCreate
    main.o(i.AppTaskCreate) refers to printf8.o(i.__0printf$8) for __2printf
    main.o(i.AppTaskCreate) refers to main.o(.data) for .data
    main.o(i.AppTaskCreate) refers to main.o(i.LED_task) for LED_task
    main.o(i.AppTaskCreate) refers to main.o(i.alive_task) for alive_task
    main.o(i.AppTaskCreate) refers to main.o(i.udpsocket_task) for udpsocket_task
    main.o(i.AppTaskCreate) refers to main.o(i.CGATT_task) for CGATT_task
    main.o(i.AppTaskCreate) refers to main.o(i.comprehension_task) for comprehension_task
    main.o(i.CGATT_task) refers to los_task.o(i.LOS_TaskDelay) for LOS_TaskDelay
    main.o(i.CGATT_task) refers to main.o(i.mysizeof) for mysizeof
    main.o(i.CGATT_task) refers to stm32l4xx_hal_uart.o(i.HAL_UART_Transmit) for HAL_UART_Transmit
    main.o(i.CGATT_task) refers to main.o(i.mystrstr) for mystrstr
    main.o(i.CGATT_task) refers to los_sem.o(i.LOS_SemPost) for LOS_SemPost
    main.o(i.CGATT_task) refers to los_task.o(i.LOS_TaskSuspend) for LOS_TaskSuspend
    main.o(i.CGATT_task) refers to main.o(.data) for .data
    main.o(i.CGATT_task) refers to usart.o(.bss) for hlpuart1
    main.o(i.CGATT_task) refers to main.o(.bss) for .bss
    main.o(i.LED_task) refers to stm32l4xx_hal_gpio.o(i.HAL_GPIO_TogglePin) for HAL_GPIO_TogglePin
    main.o(i.LED_task) refers to los_task.o(i.LOS_TaskDelay) for LOS_TaskDelay
    main.o(i.LPUART_IDLECallBack) refers to los_task.o(i.LOS_TaskDelay) for LOS_TaskDelay
    main.o(i.LPUART_IDLECallBack) refers to stm32l4xx_hal_uart.o(i.HAL_UART_DMAStop) for HAL_UART_DMAStop
    main.o(i.LPUART_IDLECallBack) refers to queue.o(i.EnQueue) for EnQueue
    main.o(i.LPUART_IDLECallBack) refers to memcpya.o(.text) for __aeabi_memcpy4
    main.o(i.LPUART_IDLECallBack) refers to memseta.o(.text) for __aeabi_memclr4
    main.o(i.LPUART_IDLECallBack) refers to stm32l4xx_hal_uart.o(i.HAL_UART_Receive_DMA) for HAL_UART_Receive_DMA
    main.o(i.LPUART_IDLECallBack) refers to usart.o(.bss) for hlpuart1
    main.o(i.LPUART_IDLECallBack) refers to main.o(.bss) for .bss
    main.o(i.NB_create_tcpsocket) refers to main.o(i.mysizeof) for mysizeof
    main.o(i.NB_create_tcpsocket) refers to stm32l4xx_hal_uart.o(i.HAL_UART_Transmit) for HAL_UART_Transmit
    main.o(i.NB_create_tcpsocket) refers to los_task.o(i.LOS_TaskDelay) for LOS_TaskDelay
    main.o(i.NB_create_tcpsocket) refers to main.o(i.mystrstr) for mystrstr
    main.o(i.NB_create_tcpsocket) refers to printf8.o(i.__0printf$8) for __2printf
    main.o(i.NB_create_tcpsocket) refers to main.o(.data) for .data
    main.o(i.NB_create_tcpsocket) refers to usart.o(.bss) for hlpuart1
    main.o(i.NB_create_tcpsocket) refers to main.o(.bss) for .bss
[...]
    i.LOS_MemAllocAlign                      0x08001e3e   Section        0  los_memory.o(i.LOS_MemAllocAlign)
    i.LOS_MemFree                            0x08001e42   Section        0  los_memory.o(i.LOS_MemFree)
    i.LOS_MemInit                            0x08001e68   Section        0  los_memory.o(i.LOS_MemInit)
    i.LOS_QueueCreate                        0x08001f4c   Section        0  los_queue.o(i.LOS_QueueCreate)
    i.LOS_QueueReadCopy                      0x08002010   Section        0  los_queue.o(i.LOS_QueueReadCopy)
    i.LOS_QueueWriteCopy                     0x08002032   Section        0  los_queue.o(i.LOS_QueueWriteCopy)
    i.LOS_Schedule                           0x08002058   Section        0  los_hw.o(i.LOS_Schedule)
    i.LOS_SemCreate                          0x08002098   Section        0  los_sem.o(i.LOS_SemCreate)
    i.LOS_SemPend                            0x080020a4   Section        0  los_sem.o(i.LOS_SemPend)
    i.LOS_SemPost                            0x080021ec   Section        0  los_sem.o(i.LOS_SemPost)
    i.LOS_Start                              0x08002298   Section        0  los_init.o(i.LOS_Start)
    i.LOS_SwtmrCreate                        0x080022d4   Section        0  los_swtmr.o(i.LOS_SwtmrCreate)
    i.LOS_SwtmrStart                         0x08002350   Section        0  los_swtmr.o(i.LOS_SwtmrStart)
    i.LOS_SwtmrStop                          0x080023c4   Section        0  los_swtmr.o(i.LOS_SwtmrStop)
    i.LOS_TaskCreate                         0x08002434   Section        0  los_task.o(i.LOS_TaskCreate)
    i.LOS_TaskCreateOnly                     0x080024a4   Section        0  los_task.o(i.LOS_TaskCreateOnly)
    i.LOS_TaskDelay                          0x080025f4   Section        0  los_task.o(i.LOS_TaskDelay)
    i.LOS_TaskDelete                         0x08002660   Section        0  los_task.o(i.LOS_TaskDelete)
    i.LOS_TaskResume                         0x08002798   Section        0  los_task.o(i.LOS_TaskResume)
    i.LOS_TaskSuspend                        0x08002824   Section        0  los_task.o(i.LOS_TaskSuspend)
    i.LOS_TaskYield                          0x080028d8   Section        0  los_task.o(i.LOS_TaskYield)
    i.LOS_TickCountGet                       0x08002948   Section        0  los_sys.o(i.LOS_TickCountGet)
    i.LPUART1_IRQHandler                     0x08002954   Section        0  stm32l4xx_it.o(i.LPUART1_IRQHandler)
    i.LPUART_IDLECallBack                    0x08002974   Section        0  main.o(i.LPUART_IDLECallBack)
    i.MX_DMA_Init                            0x080029c4   Section        0  dma.o(i.MX_DMA_Init)
    i.MX_GPIO_Init                           0x08002a10   Section        0  gpio.o(i.MX_GPIO_Init)
    i.MX_LPUART1_UART_Init                   0x08002ac0   Section        0  usart.o(i.MX_LPUART1_UART_Init)
    i.MX_USART1_UART_Init                    0x08002b10   Section        0  usart.o(i.MX_USART1_UART_Init)
    i.MemManage_Handler                      0x08002b60   Section        0  stm32l4xx_it.o(i.MemManage_Handler)
    i.NB_create_tcpsocket                    0x08002b64   Section        0  main.o(i.NB_create_tcpsocket)
    i.NMI_Handler                            0x08002c5c   Section        0  stm32l4xx_it.o(i.NMI_Handler)
    i.NVIC_SetPriority                       0x08002c5e   Section        0  stm32l4xx_hal_cortex.o(i.NVIC_SetPriority)
    NVIC_SetPriority                         0x08002c5f   Thumb Code    32  stm32l4xx_hal_cortex.o(i.NVIC_SetPriority)
    i.RCCEx_PLLSAI1_Config                   0x08002c80   Section        0  stm32l4xx_hal_rcc_ex.o(i.RCCEx_PLLSAI1_Config)
    RCCEx_PLLSAI1_Config                     0x08002c81   Thumb Code   278  stm32l4xx_hal_rcc_ex.o(i.RCCEx_PLLSAI1_Config)
    i.RCC_SetFlashLatencyFromMSIRange        0x08002dac   Section        0  stm32l4xx_hal_rcc.o(i.RCC_SetFlashLatencyFromMSIRange)
    RCC_SetFlashLatencyFromMSIRange          0x08002dad   Thumb Code   116  stm32l4xx_hal_rcc.o(i.RCC_SetFlashLatencyFromMSIRange)
    i.SVC_Handler                            0x08002e28   Section        0  stm32l4xx_it.o(i.SVC_Handler)
    i.SysTick_Handler                        0x08002e2c   Section        0  los_hwi.o(i.SysTick_Handler)
    i.SystemClock_Config                     0x08002e50   Section        0  main.o(i.SystemClock_Config)
    i.SystemInit                             0x08002ee4   Section        0  system_stm32l4xx.o(i.SystemInit)
    i.UART_AdvFeatureConfig                  0x08002f28   Section        0  stm32l4xx_hal_uart.o(i.UART_AdvFeatureConfig)
    i.UART_CheckIdleState                    0x08002ff0   Section        0  stm32l4xx_hal_uart.o(i.UART_CheckIdleState)
    i.UART_DMAAbortOnError                   0x0800304c   Section        0  stm32l4xx_hal_uart.o(i.UART_DMAAbortOnError)
    UART_DMAAbortOnError                     0x0800304d   Thumb Code    20  stm32l4xx_hal_uart.o(i.UART_DMAAbortOnError)
    i.UART_DMAError                          0x08003060   Section        0  stm32l4xx_hal_uart.o(i.UART_DMAError)
    UART_DMAError                            0x08003061   Thumb Code    74  stm32l4xx_hal_uart.o(i.UART_DMAError)
    i.UART_DMAReceiveCplt                    0x080030aa   Section        0  stm32l4xx_hal_uart.o(i.UART_DMAReceiveCplt)
    UART_DMAReceiveCplt                      0x080030ab   Thumb Code    62  stm32l4xx_hal_uart.o(i.UART_DMAReceiveCplt)
    i.UART_DMARxHalfCplt                     0x080030e8   Section        0  stm32l4xx_hal_uart.o(i.UART_DMARxHalfCplt)
    UART_DMARxHalfCplt                       0x080030e9   Thumb Code    10  stm32l4xx_hal_uart.o(i.UART_DMARxHalfCplt)
    i.UART_EndRxTransfer                     0x080030f2   Section        0  stm32l4xx_hal_uart.o(i.UART_EndRxTransfer)
    UART_EndRxTransfer                       0x080030f3   Thumb Code    32  stm32l4xx_hal_uart.o(i.UART_EndRxTransfer)
    i.UART_EndTxTransfer                     0x08003112   Section        0  stm32l4xx_hal_uart.o(i.UART_EndTxTransfer)
    UART_EndTxTransfer                       0x08003113   Thumb Code    18  stm32l4xx_hal_uart.o(i.UART_EndTxTransfer)
    i.UART_SetConfig                         0x08003124   Section        0  stm32l4xx_hal_uart.o(i.UART_SetConfig)
    i.UART_WaitOnFlagUntilTimeout            0x08003378   Section        0  stm32l4xx_hal_uart.o(i.UART_WaitOnFlagUntilTimeout)
    i.USART1_IRQHandler                      0x080033dc   Section        0  stm32l4xx_it.o(i.USART1_IRQHandler)
    i.USART_IDLECallBack                     0x080033fc   Section        0  main.o(i.USART_IDLECallBack)
    i.UsageFault_Handler                     0x08003444   Section        0  stm32l4xx_it.o(i.UsageFault_Handler)
    i._Error_Handler                         0x08003446   Section        0  main.o(i._Error_Handler)
    i.__0printf$8                            0x08003448   Section        0  printf8.o(i.__0printf$8)
    i.__0sprintf$8                           0x08003468   Section        0  printf8.o(i.__0sprintf$8)
    i.__scatterload_copy                     0x08003490   Section       14  handlers.o(i.__scatterload_copy)
    i.__scatterload_null                     0x0800349e   Section        2  handlers.o(i.__scatterload_null)
    i.__scatterload_zeroinit                 0x080034a0   Section       14  handlers.o(i.__scatterload_zeroinit)
    i._printf_core                           0x080034b0   Section        0  printf8.o(i._printf_core)
    _printf_core                             0x080034b1   Thumb Code   996  printf8.o(i._printf_core)
    i._printf_post_padding                   0x080038c6   Section        0  printf8.o(i._printf_post_padding)
    _printf_post_padding                     0x080038c7   Thumb Code    36  printf8.o(i._printf_post_padding)
    i._printf_pre_padding                    0x080038ea   Section        0  printf8.o(i._printf_pre_padding)
    _printf_pre_padding                      0x080038eb   Thumb Code    46  printf8.o(i._printf_pre_padding)
    i._sputc                                 0x08003918   Section        0  printf8.o(i._sputc)
    _sputc                                   0x08003919   Thumb Code    10  printf8.o(i._sputc)
    i.alive_task                             0x08003924   Section        0  main.o(i.alive_task)
    i.arrayToStr                             0x080039ac   Section        0  hex_dec.o(i.arrayToStr)
    i.comprehension_task                     0x080039f8   Section        0  main.o(i.comprehension_task)
    i.fputc                                  0x08003ab8   Section        0  main.o(i.fputc)
    i.main                                   0x08003ad4   Section        0  main.o(i.main)
    i.mysizeof                               0x08003c28   Section        0  main.o(i.mysizeof)
    i.mystrstr                               0x08003c3c   Section        0  main.o(i.mystrstr)
    i.osAlarmHeapInfo                        0x08003c68   Section        0  los_heap.o(i.osAlarmHeapInfo)
    i.osAtomicBitsetClearBit                 0x08003c82   Section        0  los_slab.o(i.osAtomicBitsetClearBit)
    i.osAtomicBitsetFindClearAndSet          0x08003ca0   Section        0  los_slab.o(i.osAtomicBitsetFindClearAndSet)
    i.osAtomicBitsetGetBit                   0x08003ce2   Section        0  los_slab.o(i.osAtomicBitsetGetBit)
    i.osAtomicBitsetInit                     0x08003d04   Section        0  los_slab.o(i.osAtomicBitsetInit)
    i.osHeapAlloc                            0x08003d30   Section        0  los_heap.o(i.osHeapAlloc)
    i.osHeapAllocAlign                       0x08003e50   Section        0  los_heap.o(i.osHeapAllocAlign)
    i.osHeapFree                             0x08003e8c   Section        0  los_heap.o(i.osHeapFree)
    i.osHeapInit                             0x08003f90   Section        0  los_heap.o(i.osHeapInit)
    i.osHeapPrvGetNext                       0x08003fca   Section        0  los_heap.o(i.osHeapPrvGetNext)
    i.osHeapStatisticsGet                    0x08003fe0   Section        0  los_heap.o(i.osHeapStatisticsGet)
    i.osIdleTask                             0x08004028   Section        0  los_task.o(i.osIdleTask)
    i.osIdleTaskCreate                       0x0800402c   Section        0  los_task.o(i.osIdleTaskCreate)
    i.osIntNumGet                            0x0800406c   Section        0  los_hwi.o(i.osIntNumGet)
    i.osMemSystemInit                        0x08004074   Section        0  los_memory.o(i.osMemSystemInit)
    i.osMuxInit                              0x08004088   Section        0  los_mux.o(i.osMuxInit)
    i.osPriqueueDequeue                      0x080040e0   Section        0  los_priqueue.o(i.osPriqueueDequeue)
    i.osPriqueueEnqueue                      0x08004118   Section        0  los_priqueue.o(i.osPriqueueEnqueue)
    i.osPriqueueInit                         0x08004148   Section        0  los_priqueue.o(i.osPriqueueInit)
    i.osPriqueueSize                         0x0800417c   Section        0  los_priqueue.o(i.osPriqueueSize)
    i.osPriqueueTop                          0x080041a0   Section        0  los_priqueue.o(i.osPriqueueTop)
    i.osQueueBufferOperate                   0x080041bc   Section        0  los_queue.o(i.osQueueBufferOperate)
    osQueueBufferOperate                     0x080041bd   Thumb Code   168  los_queue.o(i.osQueueBufferOperate)
    i.osQueueInit                            0x0800428c   Section        0  los_queue.o(i.osQueueInit)
    i.osQueueOperate                         0x080042e8   Section        0  los_queue.o(i.osQueueOperate)
    i.osQueueReadParameterCheck              0x08004458   Section        0  los_queue.o(i.osQueueReadParameterCheck)
    osQueueReadParameterCheck                0x08004459   Thumb Code    48  los_queue.o(i.osQueueReadParameterCheck)
    i.osQueueWriteParameterCheck             0x0800448c   Section        0  los_queue.o(i.osQueueWriteParameterCheck)
    osQueueWriteParameterCheck               0x0800448d   Thumb Code    46  los_queue.o(i.osQueueWriteParameterCheck)
    i.osSchedule                             0x080044c0   Section        0  los_hw.o(i.osSchedule)
    i.osSemCreate                            0x080044c4   Section        0  los_sem.o(i.osSemCreate)
    i.osSemInit                              0x08004560   Section        0  los_sem.o(i.osSemInit)
    i.osSlabAllocatorAlloc                   0x080045b4   Section        0  los_slab.o(i.osSlabAllocatorAlloc)
    i.osSlabAllocatorFree                    0x080045d0   Section        0  los_slab.o(i.osSlabAllocatorFree)
    i.osSlabAllocatorNew                     0x08004608   Section        0  los_slab.o(i.osSlabAllocatorNew)
    i.osSlabBlockHeadFill                    0x0800464e   Section        0  los_slabmem.o(i.osSlabBlockHeadFill)
    i.osSlabCtrlHdrGet                       0x08004662   Section        0  los_memory.o(i.osSlabCtrlHdrGet)
    i.osSlabMemAlloc                         0x08004666   Section        0  los_slabmem.o(i.osSlabMemAlloc)
    i.osSlabMemFree                          0x080046c8   Section        0  los_slabmem.o(i.osSlabMemFree)
    i.osSlabMemInit                          0x08004728   Section        0  los_slabmem.o(i.osSlabMemInit)
    i.osSwTmrInit                            0x08004780   Section        0  los_swtmr.o(i.osSwTmrInit)
    i.osSwTmrStart                           0x080047f4   Section        0  los_swtmr.o(i.osSwTmrStart)
    i.osSwTmrTask                            0x08004834   Section        0  los_swtmr.o(i.osSwTmrTask)
    i.osSwTmrTaskCreate                      0x08004870   Section        0  los_swtmr.o(i.osSwTmrTaskCreate)
    i.osSwTmrTimeoutHandle                   0x080048b0   Section        0  los_swtmr.o(i.osSwTmrTimeoutHandle)
    osSwTmrTimeoutHandle                     0x080048b1   Thumb Code    98  los_swtmr.o(i.osSwTmrTimeoutHandle)
    i.osSwtmrDelete                          0x08004918   Section        0  los_swtmr.o(i.osSwtmrDelete)
    osSwtmrDelete                            0x08004919   Thumb Code    14  los_swtmr.o(i.osSwtmrDelete)
    i.osSwtmrScan                            0x0800492c   Section        0  los_swtmr.o(i.osSwtmrScan)
    i.osSwtmrStop                            0x08004948   Section        0  los_swtmr.o(i.osSwtmrStop)
    i.osTaskAdd2TimerList                    0x08004984   Section        0  los_task.o(i.osTaskAdd2TimerList)
    i.osTaskEntry                            0x08004a08   Section        0  los_task.o(i.osTaskEntry)
    i.osTaskExit                             0x08004a34   Section        0  los_hw.o(i.osTaskExit)
    i.osTaskInit                             0x08004a38   Section        0  los_task.o(i.osTaskInit)
    i.osTaskMonInit                          0x08004b0c   Section        0  los_task.o(i.osTaskMonInit)
    i.osTaskScan                             0x08004b38   Section        0  los_task.o(i.osTaskScan)
    i.osTaskSwitchCheck                      0x08004bec   Section        0  los_task.o(i.osTaskSwitchCheck)
    i.osTaskWait                             0x08004d28   Section        0  los_task.o(i.osTaskWait)
    i.osTaskWake                             0x08004d74   Section        0  los_task.o(i.osTaskWake)
    i.osTickHandler                          0x08004db4   Section        0  los_tick.o(i.osTickHandler)
    i.osTickStart                            0x08004ddc   Section        0  los_hw_tick.o(i.osTickStart)
    i.osTimerListDelete                      0x08004e4c   Section        0  los_task.o(i.osTimerListDelete)
    i.osTimesliceCheck                       0x08004e80   Section        0  los_timeslice.o(i.osTimesliceCheck)
    i.osTimesliceInit                        0x08004eb8   Section        0  los_timeslice.o(i.osTimesliceInit)
    i.osTskStackInit                         0x08004ec8   Section        0  los_hw.o(i.osTskStackInit)
    i.send_UDP_to_Ali                        0x08004f4c   Section        0  main.o(i.send_UDP_to_Ali)
    i.timer1_callback                        0x08005038   Section        0  main.o(i.timer1_callback)
    i.udpsocket_task                         0x0800506c   Section        0  main.o(i.udpsocket_task)
    .constdata                               0x08005090   Section       64  system_stm32l4xx.o(.constdata)
    .constdata                               0x080050d0   Section        8  system_stm32l4xx.o(.constdata)
    .data                                    0x20000000   Section      112  main.o(.data)
    .data                                    0x20000070   Section        4  stm32l4xx_hal.o(.data)
    .data                                    0x20000074   Section        4  system_stm32l4xx.o(.data)
    .data                                    0x20000078   Section        4  los_init.o(.data)
    .data                                    0x2000007c   Section        8  los_priqueue.o(.data)
    g_uwPriQueueBitmap                       0x2000007c   Data           4  los_priqueue.o(.data)
    .data                                    0x20000084   Section       16  los_swtmr.o(.data)
    .data                                    0x20000094   Section       72  los_task.o(.data)
    .data                                    0x200000dc   Section        4  los_tick.o(.data)
    .data                                    0x200000e0   Section       16  los_tick.o(.data)
    .data                                    0x200000f0   Section        4  los_tick.o(.data)
    .data                                    0x200000f4   Section        8  los_timeslice.o(.data)
    .data                                    0x200000fc   Section       12  los_mux.o(.data)
    .data                                    0x20000108   Section       12  los_queue.o(.data)
    .data                                    0x20000114   Section       12  los_sem.o(.data)
    .data                                    0x20000120   Section       16  los_heap.o(.data)
    g_uwAllocCount                           0x20000120   Data           4  los_heap.o(.data)
    g_uwFreeCount                            0x20000124   Data           4  los_heap.o(.data)
    g_uwCurHeapUsed                          0x20000128   Data           4  los_heap.o(.data)
    g_uwMaxHeapUsed                          0x2000012c   Data           4  los_heap.o(.data)
    .data                                    0x20000130   Section        4  los_memory.o(.data)
    .data                                    0x20000134   Section        4  los_err.o(.data)
    .data                                    0x20000138   Section        4  rand.o(.data)
    _rand_state                              0x20000138   Data           4  rand.o(.data)
    .data                                    0x2000013c   Section        4  stdout.o(.data)
    .bss                                     0x20000140   Section     6104  main.o(.bss)
    .bss                                     0x20001918   Section      384  usart.o(.bss)
    .bss                                     0x20001a98   Section      342  los_task.o(.bss)
    STACK                                    0x20001bf0   Section     1024  startup_stm32l431xx.o(STACK)

    Global Symbols

    Symbol Name                              Value     Ov Type        Size  Object(Section)

    BuildAttributes$$THM_ISAv4$E$P$D$K$B$S$7EM$VFPi3$EXTD16$VFPS$VFMA$PE$A:L22UL41UL21$X:L11$S22US41US21$IEEE1$IW$USESV6$~STKCKD$USESV7$~SHL$OSPACE$ROPI$EBA8$MICROLIB$REQ8$PRES8$EABIv2 0x00000000   Number         0  anon$$obj.o ABSOLUTE
    __ARM_use_no_argv                        0x00000000   Number         0  main.o ABSOLUTE
    _printf_a                                0x00000000   Number         0  stubs.o ABSOLUTE
    _printf_c                                0x00000000   Number         0  stubs.o ABSOLUTE
    _printf_charcount                        0x00000000   Number         0  stubs.o ABSOLUTE
    _printf_d                                0x00000000   Number         0  stubs.o ABSOLUTE
    _printf_e                                0x00000000   Number         0  stubs.o ABSOLUTE
    _printf_f                                0x00000000   Number         0  stubs.o ABSOLUTE
    _printf_flags                            0x00000000   Number         0  stubs.o ABSOLUTE
    _printf_fp_dec                           0x00000000   Number         0  stubs.o ABSOLUTE
    _printf_fp_hex                           0x00000000   Number         0  stubs.o ABSOLUTE
    _printf_g                                0x00000000   Number         0  stubs.o ABSOLUTE
    _printf_i                                0x00000000   Number         0  stubs.o ABSOLUTE
    _printf_int_dec                          0x00000000   Number         0  stubs.o ABSOLUTE
    _printf_l                                0x00000000   Number         0  stubs.o ABSOLUTE
    _printf_lc                               0x00000000   Number         0  stubs.o ABSOLUTE
    _printf_ll                               0x00000000   Number         0  stubs.o ABSOLUTE
    _printf_lld                              0x00000000   Number         0  stubs.o ABSOLUTE
    _printf_lli                              0x00000000   Number         0  stubs.o ABSOLUTE
    _printf_llo                              0x00000000   Number         0  stubs.o ABSOLUTE
    _printf_llu                              0x00000000   Number         0  stubs.o ABSOLUTE
    _printf_llx                              0x00000000   Number         0  stubs.o ABSOLUTE
    _printf_longlong_dec                     0x00000000   Number         0  stubs.o ABSOLUTE
    _printf_longlong_hex                     0x00000000   Number         0  stubs.o ABSOLUTE
    _printf_longlong_oct                     0x00000000   Number         0  stubs.o ABSOLUTE
    _printf_ls                               0x00000000   Number         0  stubs.o ABSOLUTE
    _printf_mbtowc                           0x00000000   Number         0  stubs.o ABSOLUTE
    _printf_n                                0x00000000   Number         0  stubs.o ABSOLUTE
    _printf_o                                0x00000000   Number         0  stubs.o ABSOLUTE
    _printf_p                                0x00000000   Number         0  stubs.o ABSOLUTE
    _printf_percent                          0x00000000   Number         0  stubs.o ABSOLUTE
    _printf_pre_padding                      0x00000000   Number         0  stubs.o ABSOLUTE
    _printf_return_value                     0x00000000   Number         0  stubs.o ABSOLUTE
    _printf_s                                0x00000000   Number         0  stubs.o ABSOLUTE
    _printf_sizespec                         0x00000000   Number         0  stubs.o ABSOLUTE
    _printf_str                              0x00000000   Number         0  stubs.o ABSOLUTE
    _printf_truncate_signed                  0x00000000   Number         0  stubs.o ABSOLUTE
    _printf_truncate_unsigned                0x00000000   Number         0  stubs.o ABSOLUTE
    _printf_u                                0x00000000   Number         0  stubs.o ABSOLUTE
    _printf_wc                               0x00000000   Number         0  stubs.o ABSOLUTE
    _printf_wctomb                           0x00000000   Number         0  stubs.o ABSOLUTE
    _printf_widthprec                        0x00000000   Number         0  stubs.o ABSOLUTE
    _printf_x                                0x00000000   Number         0  stubs.o ABSOLUTE
    __cpp_initialize__aeabi_                  - Undefined Weak Reference
    __cxa_finalize                            - Undefined Weak Reference
    _clock_init                               - Undefined Weak Reference
    _microlib_exit                            - Undefined Weak Reference
    __Vectors_Size                           0x0000018c   Number         0  startup_stm32l431xx.o ABSOLUTE
    __Vectors                                0x08000000   Data           4  startup_stm32l431xx.o(RESET)
    __Vectors_End                            0x0800018c   Data           0  startup_stm32l431xx.o(RESET)
    __main                                   0x0800018d   Thumb Code     0  entry.o(.ARM.Collect$$$$00000000)
    _main_stk                                0x0800018d   Thumb Code     0  entry2.o(.ARM.Collect$$$$00000001)
    _main_scatterload                        0x08000191   Thumb Code     0  entry5.o(.ARM.Collect$$$$00000004)
    __main_after_scatterload                 0x08000195   Thumb Code     0  entry5.o(.ARM.Collect$$$$00000004)
    _main_clock                              0x08000195   Thumb Code     0  entry7b.o(.ARM.Collect$$$$00000008)
    _main_cpp_init                           0x08000195   Thumb Code     0  entry8b.o(.ARM.Collect$$$$0000000A)
    _main_init                               0x08000195   Thumb Code     0  entry9a.o(.ARM.Collect$$$$0000000B)
    __rt_final_cpp                           0x0800019d   Thumb Code     0  entry10a.o(.ARM.Collect$$$$0000000D)
    __rt_final_exit                          0x0800019d   Thumb Code     0  entry11a.o(.ARM.Collect$$$$0000000F)
    Reset_Handler                            0x080001a1   Thumb Code     8  startup_stm32l431xx.o(.text)
    ADC1_IRQHandler                          0x080001bb   Thumb Code     0  startup_stm32l431xx.o(.text)
    CAN1_RX0_IRQHandler                      0x080001bb   Thumb Code     0  startup_stm32l431xx.o(.text)
    CAN1_RX1_IRQHandler                      0x080001bb   Thumb Code     0  startup_stm32l431xx.o(.text)
    CAN1_SCE_IRQHandler                      0x080001bb   Thumb Code     0  startup_stm32l431xx.o(.text)
    CAN1_TX_IRQHandler                       0x080001bb   Thumb Code     0  startup_stm32l431xx.o(.text)
    COMP_IRQHandler                          0x080001bb   Thumb Code     0  startup_stm32l431xx.o(.text)
    CRS_IRQHandler                           0x080001bb   Thumb Code     0  startup_stm32l431xx.o(.text)
    DMA1_Channel1_IRQHandler                 0x080001bb   Thumb Code     0  startup_stm32l431xx.o(.text)
    DMA1_Channel2_IRQHandler                 0x080001bb   Thumb Code     0  startup_stm32l431xx.o(.text)
    DMA1_Channel3_IRQHandler                 0x080001bb   Thumb Code     0  startup_stm32l431xx.o(.text)
    DMA1_Channel4_IRQHandler                 0x080001bb   Thumb Code     0  startup_stm32l431xx.o(.text)
    DMA1_Channel6_IRQHandler                 0x080001bb   Thumb Code     0  startup_stm32l431xx.o(.text)
    DMA1_Channel7_IRQHandler                 0x080001bb   Thumb Code     0  startup_stm32l431xx.o(.text)
    DMA2_Channel1_IRQHandler                 0x080001bb   Thumb Code     0  startup_stm32l431xx.o(.text)
    DMA2_Channel2_IRQHandler                 0x080001bb   Thumb Code     0  startup_stm32l431xx.o(.text)
    DMA2_Channel3_IRQHandler                 0x080001bb   Thumb Code     0  startup_stm32l431xx.o(.text)
    DMA2_Channel4_IRQHandler                 0x080001bb   Thumb Code     0  startup_stm32l431xx.o(.text)
    DMA2_Channel5_IRQHandler                 0x080001bb   Thumb Code     0  startup_stm32l431xx.o(.text)
    DMA2_Channel6_IRQHandler                 0x080001bb   Thumb Code     0  startup_stm32l431xx.o(.text)
    EXTI0_IRQHandler                         0x080001bb   Thumb Code     0  startup_stm32l431xx.o(.text)
    EXTI15_10_IRQHandler                     0x080001bb   Thumb Code     0  startup_stm32l431xx.o(.text)
    EXTI1_IRQHandler                         0x080001bb   Thumb Code     0  startup_stm32l431xx.o(.text)
    EXTI4_IRQHandler                         0x080001bb   Thumb Code     0  startup_stm32l431xx.o(.text)
    EXTI9_5_IRQHandler                       0x080001bb   Thumb Code     0  startup_stm32l431xx.o(.text)
    FLASH_IRQHandler                         0x080001bb   Thumb Code     0  startup_stm32l431xx.o(.text)
    FPU_IRQHandler                           0x080001bb   Thumb Code     0  startup_stm32l431xx.o(.text)
    I2C1_ER_IRQHandler                       0x080001bb   Thumb Code     0  startup_stm32l431xx.o(.text)
    I2C1_EV_IRQHandler                       0x080001bb   Thumb Code     0  startup_stm32l431xx.o(.text)
    I2C2_ER_IRQHandler                       0x080001bb   Thumb Code     0  startup_stm32l431xx.o(.text)
    I2C2_EV_IRQHandler                       0x080001bb   Thumb Code     0  startup_stm32l431xx.o(.text)
    I2C3_ER_IRQHandler                       0x080001bb   Thumb Code     0  startup_stm32l431xx.o(.text)
    I2C3_EV_IRQHandler                       0x080001bb   Thumb Code     0  startup_stm32l431xx.o(.text)
    LPTIM1_IRQHandler                        0x080001bb   Thumb Code     0  startup_stm32l431xx.o(.text)
    LPTIM2_IRQHandler                        0x080001bb   Thumb Code     0  startup_stm32l431xx.o(.text)
    PVD_PVM_IRQHandler                       0x080001bb   Thumb Code     0  startup_stm32l431xx.o(.text)
    QUADSPI_IRQHandler                       0x080001bb   Thumb Code     0  startup_stm32l431xx.o(.text)
    RCC_IRQHandler                           0x080001bb   Thumb Code     0  startup_stm32l431xx.o(.text)
    RNG_IRQHandler                           0x080001bb   Thumb Code     0  startup_stm32l431xx.o(.text)
    RTC_Alarm_IRQHandler                     0x080001bb   Thumb Code     0  startup_stm32l431xx.o(.text)
    RTC_WKUP_IRQHandler                      0x080001bb   Thumb Code     0  startup_stm32l431xx.o(.text)
    SAI1_IRQHandler                          0x080001bb   Thumb Code     0  startup_stm32l431xx.o(.text)
    SDMMC1_IRQHandler                        0x080001bb   Thumb Code     0  startup_stm32l431xx.o(.text)
    SPI1_IRQHandler                          0x080001bb   Thumb Code     0  startup_stm32l431xx.o(.text)
    SPI2_IRQHandler                          0x080001bb   Thumb Code     0  startup_stm32l431xx.o(.text)
    SPI3_IRQHandler                          0x080001bb   Thumb Code     0  startup_stm32l431xx.o(.text)
    SWPMI1_IRQHandler                        0x080001bb   Thumb Code     0  startup_stm32l431xx.o(.text)
    TAMP_STAMP_IRQHandler                    0x080001bb   Thumb Code     0  startup_stm32l431xx.o(.text)
    TIM1_BRK_TIM15_IRQHandler                0x080001bb   Thumb Code     0  startup_stm32l431xx.o(.text)
    TIM1_CC_IRQHandler                       0x080001bb   Thumb Code     0  startup_stm32l431xx.o(.text)
    TIM1_TRG_COM_IRQHandler                  0x080001bb   Thumb Code     0  startup_stm32l431xx.o(.text)
    TIM1_UP_TIM16_IRQHandler                 0x080001bb   Thumb Code     0  startup_stm32l431xx.o(.text)
    TIM2_IRQHandler                          0x080001bb   Thumb Code     0  startup_stm32l431xx.o(.text)
    TIM6_DAC_IRQHandler                      0x080001bb   Thumb Code     0  startup_stm32l431xx.o(.text)
    TIM7_IRQHandler                          0x080001bb   Thumb Code     0  startup_stm32l431xx.o(.text)
    TSC_IRQHandler                           0x080001bb   Thumb Code     0  startup_stm32l431xx.o(.text)
    USART2_IRQHandler                        0x080001bb   Thumb Code     0  startup_stm32l431xx.o(.text)
    USART3_IRQHandler                        0x080001bb   Thumb Code     0  startup_stm32l431xx.o(.text)
    WWDG_IRQHandler                          0x080001bb   Thumb Code     0  startup_stm32l431xx.o(.text)
    LOS_StartToRun                           0x080001c5   Thumb Code     0  los_dispatch_keil.o(.text)
    LOS_IntLock                              0x08000211   Thumb Code     0  los_dispatch_keil.o(.text)
    LOS_IntUnLock                            0x08000219   Thumb Code     0  los_dispatch_keil.o(.text)
    LOS_IntRestore                           0x08000221   Thumb Code     0  los_dispatch_keil.o(.text)
    osTaskSchedule                           0x08000227   Thumb Code     0  los_dispatch_keil.o(.text)
    PendSV_Handler                           0x08000231   Thumb Code     0  los_dispatch_keil.o(.text)
    __aeabi_uldivmod                         0x080002c7   Thumb Code    98  uldiv.o(.text)
    rand                                     0x08000331   Thumb Code    20  rand.o(.text)
    srand                                    0x08000345   Thumb Code     6  rand.o(.text)
    __aeabi_memcpy                           0x08000355   Thumb Code    36  memcpya.o(.text)
    __aeabi_memcpy4                          0x08000355   Thumb Code     0  memcpya.o(.text)
    __aeabi_memcpy8                          0x08000355   Thumb Code     0  memcpya.o(.text)
    __aeabi_memset                           0x08000379   Thumb Code    14  memseta.o(.text)
    __aeabi_memset4                          0x08000379   Thumb Code     0  memseta.o(.text)
    __aeabi_memset8                          0x08000379   Thumb Code     0  memseta.o(.text)
    __aeabi_memclr                           0x08000387   Thumb Code     4  memseta.o(.text)
    __aeabi_memclr4                          0x08000387   Thumb Code     0  memseta.o(.text)
    __aeabi_memclr8                          0x08000387   Thumb Code     0  memseta.o(.text)
    _memset$wrapper                          0x0800038b   Thumb Code    18  memseta.o(.text)
    strstr                                   0x0800039d   Thumb Code    36  strstr.o(.text)
    strncpy                                  0x080003c1   Thumb Code    24  strncpy.o(.text)
    strlen                                   0x080003d9   Thumb Code    14  strlen.o(.text)
    strncat                                  0x080003e7   Thumb Code    40  strncat.o(.text)
    strcpy                                   0x0800040f   Thumb Code    18  strcpy.o(.text)
    __aeabi_llsl                             0x08000421   Thumb Code    30  llshl.o(.text)
    _ll_shift_l                              0x08000421   Thumb Code     0  llshl.o(.text)
    __aeabi_llsr                             0x0800043f   Thumb Code    32  llushr.o(.text)
    _ll_ushift_r                             0x0800043f   Thumb Code     0  llushr.o(.text)
    __scatterload                            0x08000461   Thumb Code    28  init.o(.text)
    __scatterload_rt2                        0x08000461   Thumb Code     0  init.o(.text)
    __decompress                             0x08000485   Thumb Code     0  __dczerorl2.o(.text)
    __decompress1                            0x08000485   Thumb Code    86  __dczerorl2.o(.text)
    BusFault_Handler                         0x080006c9   Thumb Code     2  stm32l4xx_it.o(i.BusFault_Handler)
    CGATT_task                               0x080006cd   Thumb Code    78  main.o(i.CGATT_task)
    DMA1_Channel5_IRQHandler                 0x08000729   Thumb Code     6  stm32l4xx_it.o(i.DMA1_Channel5_IRQHandler)
    DMA2_Channel7_IRQHandler                 0x08000735   Thumb Code     6  stm32l4xx_it.o(i.DMA2_Channel7_IRQHandler)
    DeQueue                                  0x0800076f   Thumb Code    64  queue.o(i.DeQueue)
    DebugMon_Handler                         0x080007af   Thumb Code     2  stm32l4xx_it.o(i.DebugMon_Handler)
    EXTI2_IRQHandler                         0x080007b1   Thumb Code     6  stm32l4xx_it.o(i.EXTI2_IRQHandler)
    EXTI3_IRQHandler                         0x080007b7   Thumb Code     6  stm32l4xx_it.o(i.EXTI3_IRQHandler)
    EnQueue                                  0x080007bd   Thumb Code    70  queue.o(i.EnQueue)
    Fixed_key                                0x08000803   Thumb Code    42  hex_dec.o(i.Fixed_key)
    HAL_DMA_Abort                            0x0800082d   Thumb Code    58  stm32l4xx_hal_dma.o(i.HAL_DMA_Abort)
    HAL_DMA_Abort_IT                         0x08000867   Thumb Code    78  stm32l4xx_hal_dma.o(i.HAL_DMA_Abort_IT)
    HAL_DMA_IRQHandler                       0x080008b5   Thumb Code   186  stm32l4xx_hal_dma.o(i.HAL_DMA_IRQHandler)
    HAL_DMA_Init                             0x08000971   Thumb Code   178  stm32l4xx_hal_dma.o(i.HAL_DMA_Init)
    HAL_DMA_Start_IT                         0x08000a31   Thumb Code   112  stm32l4xx_hal_dma.o(i.HAL_DMA_Start_IT)
    HAL_GPIO_EXTI_Callback                   0x08000aa1   Thumb Code     2  main.o(i.HAL_GPIO_EXTI_Callback)
    HAL_GPIO_EXTI_IRQHandler                 0x08000aa5   Thumb Code    18  stm32l4xx_hal_gpio.o(i.HAL_GPIO_EXTI_IRQHandler)
    HAL_GPIO_Init                            0x08000abd   Thumb Code   364  stm32l4xx_hal_gpio.o(i.HAL_GPIO_Init)
    HAL_GPIO_TogglePin                       0x08000c4b   Thumb Code     8  stm32l4xx_hal_gpio.o(i.HAL_GPIO_TogglePin)
    HAL_GPIO_WritePin                        0x08000c53   Thumb Code    10  stm32l4xx_hal_gpio.o(i.HAL_GPIO_WritePin)
    HAL_GetTick                              0x08000c5d   Thumb Code     6  stm32l4xx_hal.o(i.HAL_GetTick)
    HAL_Init                                 0x08000c69   Thumb Code    30  stm32l4xx_hal.o(i.HAL_Init)
    HAL_InitTick                             0x08000c89   Thumb Code    42  stm32l4xx_hal.o(i.HAL_InitTick)
    HAL_MspInit                              0x08000cb9   Thumb Code   122  stm32l4xx_hal_msp.o(i.HAL_MspInit)
    HAL_NVIC_EnableIRQ                       0x08000d39   Thumb Code    22  stm32l4xx_hal_cortex.o(i.HAL_NVIC_EnableIRQ)
    HAL_NVIC_SetPriority                     0x08000d51   Thumb Code    60  stm32l4xx_hal_cortex.o(i.HAL_NVIC_SetPriority)
    HAL_NVIC_SetPriorityGrouping             0x08000d91   Thumb Code    26  stm32l4xx_hal_cortex.o(i.HAL_NVIC_SetPriorityGrouping)
    HAL_PWREx_ControlVoltageScaling          0x08000db5   Thumb Code    90  stm32l4xx_hal_pwr_ex.o(i.HAL_PWREx_ControlVoltageScaling)
    HAL_PWREx_GetVoltageRange                0x08000e1d   Thumb Code    10  stm32l4xx_hal_pwr_ex.o(i.HAL_PWREx_GetVoltageRange)
    HAL_PWR_EnableBkUpAccess                 0x08000e2d   Thumb Code    12  stm32l4xx_hal_pwr.o(i.HAL_PWR_EnableBkUpAccess)
    HAL_RCCEx_EnableMSIPLLMode               0x08000e3d   Thumb Code    12  stm32l4xx_hal_rcc_ex.o(i.HAL_RCCEx_EnableMSIPLLMode)
    HAL_RCCEx_PeriphCLKConfig                0x08000e4d   Thumb Code   682  stm32l4xx_hal_rcc_ex.o(i.HAL_RCCEx_PeriphCLKConfig)
    HAL_RCC_ClockConfig                      0x08001109   Thumb Code   264  stm32l4xx_hal_rcc.o(i.HAL_RCC_ClockConfig)
    HAL_RCC_GetHCLKFreq                      0x08001221   Thumb Code     6  stm32l4xx_hal_rcc.o(i.HAL_RCC_GetHCLKFreq)
    HAL_RCC_GetPCLK1Freq                     0x0800122d   Thumb Code    24  stm32l4xx_hal_rcc.o(i.HAL_RCC_GetPCLK1Freq)
    HAL_RCC_GetPCLK2Freq                     0x08001251   Thumb Code    24  stm32l4xx_hal_rcc.o(i.HAL_RCC_GetPCLK2Freq)
    HAL_RCC_GetSysClockFreq                  0x08001275   Thumb Code   152  stm32l4xx_hal_rcc.o(i.HAL_RCC_GetSysClockFreq)
    HAL_RCC_OscConfig                        0x08001319   Thumb Code  1202  stm32l4xx_hal_rcc.o(i.HAL_RCC_OscConfig)
    HAL_SYSTICK_CLKSourceConfig              0x080017d1   Thumb Code    24  stm32l4xx_hal_cortex.o(i.HAL_SYSTICK_CLKSourceConfig)
    HAL_SYSTICK_Config                       0x080017e9   Thumb Code    40  stm32l4xx_hal_cortex.o(i.HAL_SYSTICK_Config)
    HAL_UARTEx_WakeupCallback                0x08001811   Thumb Code     2  stm32l4xx_hal_uart_ex.o(i.HAL_UARTEx_WakeupCallback)
    HAL_UART_DMAStop                         0x08001813   Thumb Code    84  stm32l4xx_hal_uart.o(i.HAL_UART_DMAStop)
    HAL_UART_ErrorCallback                   0x08001867   Thumb Code     2  stm32l4xx_hal_uart.o(i.HAL_UART_ErrorCallback)
    HAL_UART_IRQHandler                      0x08001869   Thumb Code   320  stm32l4xx_hal_uart.o(i.HAL_UART_IRQHandler)
    HAL_UART_Init                            0x080019ad   Thumb Code   106  stm32l4xx_hal_uart.o(i.HAL_UART_Init)
    HAL_UART_MspInit                         0x08001a19   Thumb Code   202  usart.o(i.HAL_UART_MspInit)
    HAL_UART_Receive_DMA                     0x08001b11   Thumb Code   132  stm32l4xx_hal_uart.o(i.HAL_UART_Receive_DMA)
    HAL_UART_RxCpltCallback                  0x08001ba1   Thumb Code     2  main.o(i.HAL_UART_RxCpltCallback)
    HAL_UART_RxHalfCpltCallback              0x08001ba3   Thumb Code     2  stm32l4xx_hal_uart.o(i.HAL_UART_RxHalfCpltCallback)
    HAL_UART_Transmit                        0x08001ba5   Thumb Code   176  stm32l4xx_hal_uart.o(i.HAL_UART_Transmit)
    HAL_UART_TxCpltCallback                  0x08001c55   Thumb Code     2  stm32l4xx_hal_uart.o(i.HAL_UART_TxCpltCallback)
    HardFault_Handler                        0x08001c57   Thumb Code     2  stm32l4xx_it.o(i.HardFault_Handler)
    InitQueue                                0x08001c59   Thumb Code    14  queue.o(i.InitQueue)
    LED_task                                 0x08001c69   Thumb Code    26  main.o(i.LED_task)
    LOS_Align                                0x08001c89   Thumb Code    20  los_misc.o(i.LOS_Align)
    LOS_ErrHandle                            0x08001c9d   Thumb Code    22  los_err.o(i.LOS_ErrHandle)
    LOS_KernelInit                           0x08001cb9   Thumb Code   130  los_init.o(i.LOS_KernelInit)
    LOS_MS2Tick                              0x08001dfb   Thumb Code    28  los_sys.o(i.LOS_MS2Tick)
    LOS_MemAlloc                             0x08001e17   Thumb Code    40  los_memory.o(i.LOS_MemAlloc)
    LOS_MemAllocAlign                        0x08001e3f   Thumb Code     4  los_memory.o(i.LOS_MemAllocAlign)
    LOS_MemFree                              0x08001e43   Thumb Code    38  los_memory.o(i.LOS_MemFree)
    LOS_MemInit                              0x08001e69   Thumb Code   160  los_memory.o(i.LOS_MemInit)
    LOS_QueueCreate                          0x08001f4d   Thumb Code   182  los_queue.o(i.LOS_QueueCreate)
    LOS_QueueReadCopy                        0x08002011   Thumb Code    34  los_queue.o(i.LOS_QueueReadCopy)
    LOS_QueueWriteCopy                       0x08002033   Thumb Code    38  los_queue.o(i.LOS_QueueWriteCopy)
    LOS_Schedule                             0x08002059   Thumb Code    54  los_hw.o(i.LOS_Schedule)
    LOS_SemCreate                            0x08002099   Thumb Code    10  los_sem.o(i.LOS_SemCreate)
    LOS_SemPend                              0x080020a5   Thumb Code   208  los_sem.o(i.LOS_SemPend)
    LOS_SemPost                              0x080021ed   Thumb Code   140  los_sem.o(i.LOS_SemPost)
    LOS_Start                                0x08002299   Thumb Code    32  los_init.o(i.LOS_Start)
    LOS_SwtmrCreate                          0x080022d5   Thumb Code   116  los_swtmr.o(i.LOS_SwtmrCreate)
    LOS_SwtmrStart                           0x08002351   Thumb Code   108  los_swtmr.o(i.LOS_SwtmrStart)
    LOS_SwtmrStop                            0x080023c5   Thumb Code   104  los_swtmr.o(i.LOS_SwtmrStop)
    LOS_TaskCreate                           0x08002435   Thumb Code   106  los_task.o(i.LOS_TaskCreate)
    LOS_TaskCreateOnly                       0x080024a5   Thumb Code   310  los_task.o(i.LOS_TaskCreateOnly)
    LOS_TaskDelay                            0x080025f5   Thumb Code    94  los_task.o(i.LOS_TaskDelay)
    LOS_TaskDelete                           0x08002661   Thumb Code   298  los_task.o(i.LOS_TaskDelete)
    LOS_TaskResume                           0x08002799   Thumb Code   130  los_task.o(i.LOS_TaskResume)
    LOS_TaskSuspend                          0x08002825   Thumb Code   166  los_task.o(i.LOS_TaskSuspend)
    LOS_TaskYield                            0x080028d9   Thumb Code   102  los_task.o(i.LOS_TaskYield)
    LOS_TickCountGet                         0x08002949   Thumb Code     8  los_sys.o(i.LOS_TickCountGet)
    LPUART1_IRQHandler                       0x08002955   Thumb Code    28  stm32l4xx_it.o(i.LPUART1_IRQHandler)
    LPUART_IDLECallBack                      0x08002975   Thumb Code    70  main.o(i.LPUART_IDLECallBack)
    MX_DMA_Init                              0x080029c5   Thumb Code    72  dma.o(i.MX_DMA_Init)
    MX_GPIO_Init                             0x08002a11   Thumb Code   160  gpio.o(i.MX_GPIO_Init)
    MX_LPUART1_UART_Init                     0x08002ac1   Thumb Code    54  usart.o(i.MX_LPUART1_UART_Init)
    MX_USART1_UART_Init                      0x08002b11   Thumb Code    56  usart.o(i.MX_USART1_UART_Init)
    MemManage_Handler                        0x08002b61   Thumb Code     2  stm32l4xx_it.o(i.MemManage_Handler)
    NB_create_tcpsocket                      0x08002b65   Thumb Code   156  main.o(i.NB_create_tcpsocket)
    NMI_Handler                              0x08002c5d   Thumb Code     2  stm32l4xx_it.o(i.NMI_Handler)
    SVC_Handler                              0x08002e29   Thumb Code     2  stm32l4xx_it.o(i.SVC_Handler)
    SysTick_Handler                          0x08002e2d   Thumb Code    28  los_hwi.o(i.SysTick_Handler)
    SystemClock_Config                       0x08002e51   Thumb Code   144  main.o(i.SystemClock_Config)
    SystemInit                               0x08002ee5   Thumb Code    56  system_stm32l4xx.o(i.SystemInit)
    UART_AdvFeatureConfig                    0x08002f29   Thumb Code   200  stm32l4xx_hal_uart.o(i.UART_AdvFeatureConfig)
    UART_CheckIdleState                      0x08002ff1   Thumb Code    92  stm32l4xx_hal_uart.o(i.UART_CheckIdleState)
    UART_SetConfig                           0x08003125   Thumb Code   554  stm32l4xx_hal_uart.o(i.UART_SetConfig)
    UART_WaitOnFlagUntilTimeout              0x08003379   Thumb Code   100  stm32l4xx_hal_uart.o(i.UART_WaitOnFlagUntilTimeout)
    USART1_IRQHandler                        0x080033dd   Thumb Code    28  stm32l4xx_it.o(i.USART1_IRQHandler)
    USART_IDLECallBack                       0x080033fd   Thumb Code    60  main.o(i.USART_IDLECallBack)
    UsageFault_Handler                       0x08003445   Thumb Code     2  stm32l4xx_it.o(i.UsageFault_Handler)
    _Error_Handler                           0x08003447   Thumb Code     2  main.o(i._Error_Handler)
    __0printf$8                              0x08003449   Thumb Code    22  printf8.o(i.__0printf$8)
    __1printf$8                              0x08003449   Thumb Code     0  printf8.o(i.__0printf$8)
    __2printf                                0x08003449   Thumb Code     0  printf8.o(i.__0printf$8)
    __0sprintf$8                             0x08003469   Thumb Code    34  printf8.o(i.__0sprintf$8)
    __1sprintf$8                             0x08003469   Thumb Code     0  printf8.o(i.__0sprintf$8)
    __2sprintf                               0x08003469   Thumb Code     0  printf8.o(i.__0sprintf$8)
    __scatterload_copy                       0x08003491   Thumb Code    14  handlers.o(i.__scatterload_copy)
    __scatterload_null                       0x0800349f   Thumb Code     2  handlers.o(i.__scatterload_null)
    __scatterload_zeroinit                   0x080034a1   Thumb Code    14  handlers.o(i.__scatterload_zeroinit)
    alive_task                               0x08003925   Thumb Code    70  main.o(i.alive_task)
    arrayToStr                               0x080039ad   Thumb Code    68  hex_dec.o(i.arrayToStr)
    comprehension_task                       0x080039f9   Thumb Code   112  main.o(i.comprehension_task)
    fputc                                    0x08003ab9   Thumb Code    22  main.o(i.fputc)
    main                                     0x08003ad5   Thumb Code   216  main.o(i.main)
    mysizeof                                 0x08003c29   Thumb Code    20  main.o(i.mysizeof)
    mystrstr                                 0x08003c3d   Thumb Code    44  main.o(i.mystrstr)
    osAlarmHeapInfo                          0x08003c69   Thumb Code    26  los_heap.o(i.osAlarmHeapInfo)
    osAtomicBitsetClearBit                   0x08003c83   Thumb Code    30  los_slab.o(i.osAtomicBitsetClearBit)
    osAtomicBitsetFindClearAndSet            0x08003ca1   Thumb Code    66  los_slab.o(i.osAtomicBitsetFindClearAndSet)
    osAtomicBitsetGetBit                     0x08003ce3   Thumb Code    34  los_slab.o(i.osAtomicBitsetGetBit)
    osAtomicBitsetInit                       0x08003d05   Thumb Code    44  los_slab.o(i.osAtomicBitsetInit)
    osHeapAlloc                              0x08003d31   Thumb Code   228  los_heap.o(i.osHeapAlloc)
    osHeapAllocAlign                         0x08003e51   Thumb Code    58  los_heap.o(i.osHeapAllocAlign)
    osHeapFree                               0x08003e8d   Thumb Code   226  los_heap.o(i.osHeapFree)
    osHeapInit                               0x08003f91   Thumb Code    58  los_heap.o(i.osHeapInit)
    osHeapPrvGetNext                         0x08003fcb   Thumb Code    22  los_heap.o(i.osHeapPrvGetNext)
    osHeapStatisticsGet                      0x08003fe1   Thumb Code    66  los_heap.o(i.osHeapStatisticsGet)
    osIdleTask                               0x08004029   Thumb Code     2  los_task.o(i.osIdleTask)
    osIdleTaskCreate                         0x0800402d   Thumb Code    44  los_task.o(i.osIdleTaskCreate)
    osIntNumGet                              0x0800406d   Thumb Code     6  los_hwi.o(i.osIntNumGet)
    osMemSystemInit                          0x08004075   Thumb Code    10  los_memory.o(i.osMemSystemInit)
    osMuxInit                                0x08004089   Thumb Code    74  los_mux.o(i.osMuxInit)
    osPriqueueDequeue                        0x080040e1   Thumb Code    50  los_priqueue.o(i.osPriqueueDequeue)
    osPriqueueEnqueue                        0x08004119   Thumb Code    44  los_priqueue.o(i.osPriqueueEnqueue)
    osPriqueueInit                           0x08004149   Thumb Code    42  los_priqueue.o(i.osPriqueueInit)
    osPriqueueSize                           0x0800417d   Thumb Code    30  los_priqueue.o(i.osPriqueueSize)
    osPriqueueTop                            0x080041a1   Thumb Code    24  los_priqueue.o(i.osPriqueueTop)
    osQueueInit                              0x0800428d   Thumb Code    80  los_queue.o(i.osQueueInit)
    osQueueOperate                           0x080042e9   Thumb Code   342  los_queue.o(i.osQueueOperate)
    osSchedule                               0x080044c1   Thumb Code     4  los_hw.o(i.osSchedule)
    osSemCreate                              0x080044c5   Thumb Code   124  los_sem.o(i.osSemCreate)
    osSemInit                                0x08004561   Thumb Code    72  los_sem.o(i.osSemInit)
    osSlabAllocatorAlloc                     0x080045b5   Thumb Code    28  los_slab.o(i.osSlabAllocatorAlloc)
    osSlabAllocatorFree                      0x080045d1   Thumb Code    56  los_slab.o(i.osSlabAllocatorFree)
    osSlabAllocatorNew                       0x08004609   Thumb Code    70  los_slab.o(i.osSlabAllocatorNew)
    osSlabBlockHeadFill                      0x0800464f   Thumb Code    20  los_slabmem.o(i.osSlabBlockHeadFill)
    osSlabCtrlHdrGet                         0x08004663   Thumb Code     4  los_memory.o(i.osSlabCtrlHdrGet)
    osSlabMemAlloc                           0x08004667   Thumb Code    98  los_slabmem.o(i.osSlabMemAlloc)
    osSlabMemFree                            0x080046c9   Thumb Code    94  los_slabmem.o(i.osSlabMemFree)
    osSlabMemInit                            0x08004729   Thumb Code    82  los_slabmem.o(i.osSlabMemInit)
    osSwTmrInit                              0x08004781   Thumb Code   102  los_swtmr.o(i.osSwTmrInit)
    osSwTmrStart                             0x080047f5   Thumb Code    60  los_swtmr.o(i.osSwTmrStart)
    osSwTmrTask                              0x08004835   Thumb Code    56  los_swtmr.o(i.osSwTmrTask)
    osSwTmrTaskCreate                        0x08004871   Thumb Code    44  los_swtmr.o(i.osSwTmrTaskCreate)
    osSwtmrScan                              0x0800492d   Thumb Code    24  los_swtmr.o(i.osSwtmrScan)
    osSwtmrStop                              0x08004949   Thumb Code    54  los_swtmr.o(i.osSwtmrStop)
    osTaskAdd2TimerList                      0x08004985   Thumb Code   126  los_task.o(i.osTaskAdd2TimerList)
    osTaskEntry                              0x08004a09   Thumb Code    38  los_task.o(i.osTaskEntry)
    osTaskExit                               0x08004a35   Thumb Code     4  los_hw.o(i.osTaskExit)
    osTaskInit                               0x08004a39   Thumb Code   200  los_task.o(i.osTaskInit)
    osTaskMonInit                            0x08004b0d   Thumb Code    30  los_task.o(i.osTaskMonInit)
    osTaskScan                               0x08004b39   Thumb Code   174  los_task.o(i.osTaskScan)
    osTaskSwitchCheck                        0x08004bed   Thumb Code   170  los_task.o(i.osTaskSwitchCheck)
    osTaskWait                               0x08004d29   Thumb Code    70  los_task.o(i.osTaskWait)
    osTaskWake                               0x08004d75   Thumb Code    64  los_task.o(i.osTaskWake)
    osTickHandler                            0x08004db5   Thumb Code    34  los_tick.o(i.osTickHandler)
    osTickStart                              0x08004ddd   Thumb Code    86  los_hw_tick.o(i.osTickStart)
    osTimerListDelete                        0x08004e4d   Thumb Code    48  los_task.o(i.osTimerListDelete)
    osTimesliceCheck                         0x08004e81   Thumb Code    44  los_timeslice.o(i.osTimesliceCheck)
    osTimesliceInit                          0x08004eb9   Thumb Code    12  los_timeslice.o(i.osTimesliceInit)
    osTskStackInit                           0x08004ec9   Thumb Code   124  los_hw.o(i.osTskStackInit)
    send_UDP_to_Ali                          0x08004f4d   Thumb Code   154  main.o(i.send_UDP_to_Ali)
    timer1_callback                          0x08005039   Thumb Code    30  main.o(i.timer1_callback)
    udpsocket_task                           0x0800506d   Thumb Code    30  main.o(i.udpsocket_task)
    AHBPrescTable                            0x08005090   Data          16  system_stm32l4xx.o(.constdata)
    MSIRangeTable                            0x080050a0   Data          48  system_stm32l4xx.o(.constdata)
    APBPrescTable                            0x080050d0   Data           8  system_stm32l4xx.o(.constdata)
    Region$$Table$$Base                      0x080050d8   Number         0  anon$$obj.o(Region$$Table)
    Region$$Table$$Limit                     0x080050f8   Number         0  anon$$obj.o(Region$$Table)
    NB_socket                                0x20000000   Data           1  main.o(.data)
    id1                                      0x20000002   Data           2  main.o(.data)
    OK                                       0x20000004   Data           3  main.o(.data)
    message_n                                0x20000008   Data           4  main.o(.data)
    LED_Task_Handle                          0x2000000c   Data           4  main.o(.data)
    ALIVE_Task_Handle                        0x20000010   Data           4  main.o(.data)
    udpsocket_Task_Handle                    0x20000014   Data           4  main.o(.data)
    CGATT_Task_Handle                        0x20000018   Data           4  main.o(.data)
    COMPREHENSION_Task_Handle                0x2000001c   Data           4  main.o(.data)
    UDP_Binary                               0x20000020   Data           4  main.o(.data)
    SERVER_PORT                              0x20000024   Data           5  main.o(.data)
    cmd_CRE_SOC                              0x20000029   Data          22  main.o(.data)
    SERVER_IP                                0x2000003f   Data          14  main.o(.data)
    cmd_msg_reply                            0x2000004d   Data          14  main.o(.data)
    cmd_CGATT                                0x2000005b   Data          12  main.o(.data)
    CGATT                                    0x20000067   Data           9  main.o(.data)
    uwTick                                   0x20000070   Data           4  stm32l4xx_hal.o(.data)
    SystemCoreClock                          0x20000074   Data           4  system_stm32l4xx.o(.data)
    m_aucSysMem0                             0x20000078   Data           4  los_init.o(.data)
    g_pstLosPriorityQueueList                0x20000080   Data           4  los_priqueue.o(.data)
    m_uwSwTmrHandlerQueue                    0x20000084   Data           4  los_swtmr.o(.data)
    m_pstSwtmrCBArray                        0x20000088   Data           4  los_swtmr.o(.data)
    m_pstSwtmrFreeList                       0x2000008c   Data           4  los_swtmr.o(.data)
    m_pstSwtmrSortList                       0x20000090   Data           4  los_swtmr.o(.data)
    g_usLosTaskLock                          0x20000094   Data           2  los_task.o(.data)
    g_pfnTskSwitchHook                       0x20000098   Data           4  los_task.o(.data)
    g_pfnUsrTskSwitchHook                    0x2000009c   Data           4  los_task.o(.data)
    g_pstTaskCBArray                         0x200000a0   Data           4  los_task.o(.data)
    g_uwTskMaxNum                            0x200000a4   Data           4  los_task.o(.data)
    g_uwIdleTaskID                           0x200000a8   Data           4  los_task.o(.data)
    g_uwSwtmrTaskID                          0x200000ac   Data           4  los_task.o(.data)
    g_bTaskScheduled                         0x200000b0   Data           4  los_task.o(.data)
    g_stLosTask                              0x200000b4   Data           8  los_task.o(.data)
    g_stTaskTimerList                        0x200000bc   Data           8  los_task.o(.data)
    g_stLosFreeTask                          0x200000c4   Data           8  los_task.o(.data)
    g_stTskRecyleList                        0x200000cc   Data           8  los_task.o(.data)
    g_stTskSortLink                          0x200000d4   Data           8  los_task.o(.data)
    g_bSysTickStart                          0x200000dc   Data           4  los_tick.o(.data)
    g_uwSysClock                             0x200000e0   Data           4  los_tick.o(.data)
    g_ullTickCount                           0x200000e8   Data           8  los_tick.o(.data)
    g_uwCyclesPerTick                        0x200000f0   Data           4  los_tick.o(.data)
    g_stTaskTimeSlice                        0x200000f4   Data           8  los_timeslice.o(.data)
    g_pstAllMux                              0x200000fc   Data           4  los_mux.o(.data)
    g_stUnusedMuxList                        0x20000100   Data           8  los_mux.o(.data)
    g_pstAllQueue                            0x20000108   Data           4  los_queue.o(.data)
    g_stFreeQueueList                        0x2000010c   Data           8  los_queue.o(.data)
    g_pstAllSem                              0x20000114   Data           4  los_sem.o(.data)
    g_stUnusedSemList                        0x20000118   Data           8  los_sem.o(.data)
    g_pPoolHead                              0x20000130   Data           4  los_memory.o(.data)
    g_stUserErrFunc                          0x20000134   Data           4  los_err.o(.data)
    __stdout                                 0x2000013c   Data           4  stdout.o(.data)
    data                                     0x20000140   Data        1024  main.o(.bss)
    data2                                    0x20000540   Data        1024  main.o(.bss)
    reply_from_lpuart1                       0x20000940   Data        1024  main.o(.bss)
    send_cmd                                 0x20000d40   Data        1024  main.o(.bss)
    mes_Q                                    0x20001140   Data        2008  main.o(.bss)
    hlpuart1                                 0x20001918   Data         120  usart.o(.bss)
    huart1                                   0x20001990   Data         120  usart.o(.bss)
    hdma_lpuart_rx                           0x20001a08   Data          72  usart.o(.bss)
    hdma_usart1_rx                           0x20001a50   Data          72  usart.o(.bss)
    g_astTskSwitchInfo                       0x20001a98   Data         342  los_task.o(.bss)
    Image$$RW_IRAM1$$ZI$$Limit               0x20001ff0   Number         0  anon$$obj.o ABSOLUTE
    __initial_sp                             0x20001ff0   Data           0  startup_stm32l431xx.o(STACK)



==============================================================================

Memory Map of the image

  Image Entry point : 0x0800018d

  Load Region LR_IROM1 (Base: 0x08000000, Size: 0x00005238, Max: 0x00040000, ABSOLUTE, COMPRESSED[0x00005144])

    Execution Region ER_IROM1 (Exec base: 0x08000000, Load base: 0x08000000, Size: 0x000050f8, Max: 0x00040000, ABSOLUTE)

    Exec Addr    Load Addr    Size         Type   Attr      Idx    E Section Name        Object

    0x08000000   0x08000000   0x0000018c   Data   RO            3    RESET               startup_stm32l431xx.o
    0x0800018c   0x0800018c   0x00000000   Code   RO          767  * .ARM.Collect$$$$00000000  mc_w.l(entry.o)
    0x0800018c   0x0800018c   0x00000004   Code   RO          916    .ARM.Collect$$$$00000001  mc_w.l(entry2.o)
    0x08000190   0x08000190   0x00000004   Code   RO          919    .ARM.Collect$$$$00000004  mc_w.l(entry5.o)
    0x08000194   0x08000194   0x00000000   Code   RO          921    .ARM.Collect$$$$00000008  mc_w.l(entry7b.o)
    0x08000194   0x08000194   0x00000000   Code   RO          923    .ARM.Collect$$$$0000000A  mc_w.l(entry8b.o)
    0x08000194   0x08000194   0x00000008   Code   RO          924    .ARM.Collect$$$$0000000B  mc_w.l(entry9a.o)
    0x0800019c   0x0800019c   0x00000000   Code   RO          926    .ARM.Collect$$$$0000000D  mc_w.l(entry10a.o)
    0x0800019c   0x0800019c   0x00000000   Code   RO          928    .ARM.Collect$$$$0000000F  mc_w.l(entry11a.o)
    0x0800019c   0x0800019c   0x00000004   Code   RO          917    .ARM.Collect$$$$00002712  mc_w.l(entry2.o)
    0x080001a0   0x080001a0   0x00000024   Code   RO            4    .text               startup_stm32l431xx.o
    0x080001c4   0x080001c4   0x00000102   Code   RO          501    .text               los_dispatch_keil.o
    0x080002c6   0x080002c6   0x00000068   Code   RO          770    .text               mc_w.l(uldiv.o)
    0x0800032e   0x0800032e   0x00000002   PAD
    0x08000330   0x08000330   0x00000024   Code   RO          771    .text               mc_w.l(rand.o)
    0x08000354   0x08000354   0x00000024   Code   RO          773    .text               mc_w.l(memcpya.o)
    0x08000378   0x08000378   0x00000024   Code   RO          774    .text               mc_w.l(memseta.o)
    0x0800039c   0x0800039c   0x00000024   Code   RO          775    .text               mc_w.l(strstr.o)
    0x080003c0   0x080003c0   0x00000018   Code   RO          776    .text               mc_w.l(strncpy.o)
    0x080003d8   0x080003d8   0x0000000e   Code   RO          777    .text               mc_w.l(strlen.o)
    0x080003e6   0x080003e6   0x00000028   Code   RO          778    .text               mc_w.l(strncat.o)
    0x0800040e   0x0800040e   0x00000012   Code   RO          779    .text               mc_w.l(strcpy.o)
    0x08000420   0x08000420   0x0000001e   Code   RO          932    .text               mc_w.l(llshl.o)
    0x0800043e   0x0800043e   0x00000020   Code   RO          933    .text               mc_w.l(llushr.o)
    0x0800045e   0x0800045e   0x00000002   PAD
    0x08000460   0x08000460   0x00000024   Code   RO          939    .text               mc_w.l(init.o)
    0x08000484   0x08000484   0x00000056   Code   RO          946    .text               mc_w.l(__dczerorl2.o)
    0x080004da   0x080004da   0x00000002   PAD
    0x080004dc   0x080004dc   0x000001ec   Code   RO            8    i.AppTaskCreate     main.o
    0x080006c8   0x080006c8   0x00000002   Code   RO           67    i.BusFault_Handler  stm32l4xx_it.o
    0x080006ca   0x080006ca   0x00000002   PAD
    0x080006cc   0x080006cc   0x0000005c   Code   RO            9    i.CGATT_task        main.o
    0x08000728   0x08000728   0x0000000c   Code   RO           68    i.DMA1_Channel5_IRQHandler  stm32l4xx_it.o
    0x08000734   0x08000734   0x0000000c   Code   RO           69    i.DMA2_Channel7_IRQHandler  stm32l4xx_it.o
    0x08000740   0x08000740   0x0000002e   Code   RO          385    i.DMA_SetConfig     stm32l4xx_hal_dma.o
    0x0800076e   0x0800076e   0x00000040   Code   RO          760    i.DeQueue           queue.o
    0x080007ae   0x080007ae   0x00000002   Code   RO           70    i.DebugMon_Handler  stm32l4xx_it.o
    0x080007b0   0x080007b0   0x00000006   Code   RO           71    i.EXTI2_IRQHandler  stm32l4xx_it.o
    0x080007b6   0x080007b6   0x00000006   Code   RO           72    i.EXTI3_IRQHandler  stm32l4xx_it.o
    0x080007bc   0x080007bc   0x00000046   Code   RO          761    i.EnQueue           queue.o
    0x08000802   0x08000802   0x0000002a   Code   RO          764    i.Fixed_key         hex_dec.o
    0x0800082c   0x0800082c   0x0000003a   Code   RO          386    i.HAL_DMA_Abort     stm32l4xx_hal_dma.o
    0x08000866   0x08000866   0x0000004e   Code   RO          387    i.HAL_DMA_Abort_IT  stm32l4xx_hal_dma.o
    0x080008b4   0x080008b4   0x000000ba   Code   RO          391    i.HAL_DMA_IRQHandler  stm32l4xx_hal_dma.o
    0x0800096e   0x0800096e   0x00000002   PAD
    0x08000970   0x08000970   0x000000c0   Code   RO          392    i.HAL_DMA_Init      stm32l4xx_hal_dma.o
    0x08000a30   0x08000a30   0x00000070   Code   RO          396    i.HAL_DMA_Start_IT  stm32l4xx_hal_dma.o
    0x08000aa0   0x08000aa0   0x00000002   Code   RO           10    i.HAL_GPIO_EXTI_Callback  main.o
    0x08000aa2   0x08000aa2   0x00000002   PAD
    0x08000aa4   0x08000aa4   0x00000018   Code   RO          376    i.HAL_GPIO_EXTI_IRQHandler  stm32l4xx_hal_gpio.o
    0x08000abc   0x08000abc   0x0000018e   Code   RO          377    i.HAL_GPIO_Init     stm32l4xx_hal_gpio.o
    0x08000c4a   0x08000c4a   0x00000008   Code   RO          380    i.HAL_GPIO_TogglePin  stm32l4xx_hal_gpio.o
    0x08000c52   0x08000c52   0x0000000a   Code   RO          381    i.HAL_GPIO_WritePin  stm32l4xx_hal_gpio.o
    0x08000c5c   0x08000c5c   0x0000000c   Code   RO          177    i.HAL_GetTick       stm32l4xx_hal.o
    0x08000c68   0x08000c68   0x0000001e   Code   RO          182    i.HAL_Init          stm32l4xx_hal.o
    0x08000c86   0x08000c86   0x00000002   PAD
    0x08000c88   0x08000c88   0x00000030   Code   RO          183    i.HAL_InitTick      stm32l4xx_hal.o
    0x08000cb8   0x08000cb8   0x00000080   Code   RO           83    i.HAL_MspInit       stm32l4xx_hal_msp.o
    0x08000d38   0x08000d38   0x00000016   Code   RO          459    i.HAL_NVIC_EnableIRQ  stm32l4xx_hal_cortex.o
    0x08000d4e   0x08000d4e   0x00000002   PAD
    0x08000d50   0x08000d50   0x00000040   Code   RO          465    i.HAL_NVIC_SetPriority  stm32l4xx_hal_cortex.o
    0x08000d90   0x08000d90   0x00000024   Code   RO          466    i.HAL_NVIC_SetPriorityGrouping  stm32l4xx_hal_cortex.o
    0x08000db4   0x08000db4   0x00000068   Code   RO          424    i.HAL_PWREx_ControlVoltageScaling  stm32l4xx_hal_pwr_ex.o
    0x08000e1c   0x08000e1c   0x00000010   Code   RO          447    i.HAL_PWREx_GetVoltageRange  stm32l4xx_hal_pwr_ex.o
    0x08000e2c   0x08000e2c   0x00000010   Code   RO          411    i.HAL_PWR_EnableBkUpAccess  stm32l4xx_hal_pwr.o
    0x08000e3c   0x08000e3c   0x00000010   Code   RO          325    i.HAL_RCCEx_EnableMSIPLLMode  stm32l4xx_hal_rcc_ex.o
    0x08000e4c   0x08000e4c   0x000002ba   Code   RO          331    i.HAL_RCCEx_PeriphCLKConfig  stm32l4xx_hal_rcc_ex.o
    0x08001106   0x08001106   0x00000002   PAD
    0x08001108   0x08001108   0x00000118   Code   RO          293    i.HAL_RCC_ClockConfig  stm32l4xx_hal_rcc.o
    0x08001220   0x08001220   0x0000000c   Code   RO          297    i.HAL_RCC_GetHCLKFreq  stm32l4xx_hal_rcc.o
    0x0800122c   0x0800122c   0x00000024   Code   RO          299    i.HAL_RCC_GetPCLK1Freq  stm32l4xx_hal_rcc.o
    0x08001250   0x08001250   0x00000024   Code   RO          300    i.HAL_RCC_GetPCLK2Freq  stm32l4xx_hal_rcc.o
    0x08001274   0x08001274   0x000000a4   Code   RO          301    i.HAL_RCC_GetSysClockFreq  stm32l4xx_hal_rcc.o
    0x08001318   0x08001318   0x000004b8   Code   RO          304    i.HAL_RCC_OscConfig  stm32l4xx_hal_rcc.o
    0x080017d0   0x080017d0   0x00000018   Code   RO          468    i.HAL_SYSTICK_CLKSourceConfig  stm32l4xx_hal_cortex.o
    0x080017e8   0x080017e8   0x00000028   Code   RO          470    i.HAL_SYSTICK_Config  stm32l4xx_hal_cortex.o
    0x08001810   0x08001810   0x00000002   Code   RO          156    i.HAL_UARTEx_WakeupCallback  stm32l4xx_hal_uart_ex.o
    0x08001812   0x08001812   0x00000054   Code   RO          107    i.HAL_UART_DMAStop  stm32l4xx_hal_uart.o
    0x08001866   0x08001866   0x00000002   Code   RO          109    i.HAL_UART_ErrorCallback  stm32l4xx_hal_uart.o
    0x08001868   0x08001868   0x00000144   Code   RO          112    i.HAL_UART_IRQHandler  stm32l4xx_hal_uart.o
    0x080019ac   0x080019ac   0x0000006a   Code   RO          113    i.HAL_UART_Init     stm32l4xx_hal_uart.o
    0x08001a16   0x08001a16   0x00000002   PAD
    0x08001a18   0x08001a18   0x000000f8   Code   RO           60    i.HAL_UART_MspInit  usart.o
    0x08001b10   0x08001b10   0x00000090   Code   RO          117    i.HAL_UART_Receive_DMA  stm32l4xx_hal_uart.o
    0x08001ba0   0x08001ba0   0x00000002   Code   RO           11    i.HAL_UART_RxCpltCallback  main.o
    0x08001ba2   0x08001ba2   0x00000002   Code   RO          120    i.HAL_UART_RxHalfCpltCallback  stm32l4xx_hal_uart.o
    0x08001ba4   0x08001ba4   0x000000b0   Code   RO          121    i.HAL_UART_Transmit  stm32l4xx_hal_uart.o
    0x08001c54   0x08001c54   0x00000002   Code   RO          124    i.HAL_UART_TxCpltCallback  stm32l4xx_hal_uart.o
    0x08001c56   0x08001c56   0x00000002   Code   RO           73    i.HardFault_Handler  stm32l4xx_it.o
    0x08001c58   0x08001c58   0x0000000e   Code   RO          762    i.InitQueue         queue.o
    0x08001c66   0x08001c66   0x00000002   PAD
    0x08001c68   0x08001c68   0x00000020   Code   RO           12    i.LED_task          main.o
    0x08001c88   0x08001c88   0x00000014   Code   RO          742    i.LOS_Align         los_misc.o
    0x08001c9c   0x08001c9c   0x0000001c   Code   RO          747    i.LOS_ErrHandle     los_err.o
    0x08001cb8   0x08001cb8   0x000000f0   Code   RO          505    i.LOS_KernelInit    los_init.o
    0x08001da8   0x08001da8   0x0000000e   Code   RO          554    i.LOS_ListAdd       los_task.o
    0x08001db6   0x08001db6   0x0000000e   Code   RO          622    i.LOS_ListAdd       los_mux.o
    0x08001dc4   0x08001dc4   0x0000000e   Code   RO          632    i.LOS_ListAdd       los_queue.o
    0x08001dd2   0x08001dd2   0x0000000e   Code   RO          654    i.LOS_ListAdd       los_sem.o
    0x08001de0   0x08001de0   0x00000014   Code   RO          555    i.LOS_ListDelete    los_task.o
    0x08001df4   0x08001df4   0x00000006   Code   RO          556    i.LOS_ListTailInsert  los_task.o
    0x08001dfa   0x08001dfa   0x0000001c   Code   RO          543    i.LOS_MS2Tick       los_sys.o
    0x08001e16   0x08001e16   0x00000028   Code   RO          678    i.LOS_MemAlloc      los_memory.o
    0x08001e3e   0x08001e3e   0x00000004   Code   RO          679    i.LOS_MemAllocAlign  los_memory.o
    0x08001e42   0x08001e42   0x00000026   Code   RO          681    i.LOS_MemFree       los_memory.o
    0x08001e68   0x08001e68   0x000000e2   Code   RO          683    i.LOS_MemInit       los_memory.o
    0x08001f4a   0x08001f4a   0x00000002   PAD
    0x08001f4c   0x08001f4c   0x000000c4   Code   RO          633    i.LOS_QueueCreate   los_queue.o
    0x08002010   0x08002010   0x00000022   Code   RO          637    i.LOS_QueueReadCopy  los_queue.o
    0x08002032   0x08002032   0x00000026   Code   RO          639    i.LOS_QueueWriteCopy  los_queue.o
    0x08002058   0x08002058   0x00000040   Code   RO          484    i.LOS_Schedule      los_hw.o
    0x08002098   0x08002098   0x0000000a   Code   RO          655    i.LOS_SemCreate     los_sem.o
    0x080020a2   0x080020a2   0x00000002   PAD
    0x080020a4   0x080020a4   0x00000148   Code   RO          657    i.LOS_SemPend       los_sem.o
    0x080021ec   0x080021ec   0x000000ac   Code   RO          658    i.LOS_SemPost       los_sem.o
    0x08002298   0x08002298   0x0000003c   Code   RO          507    i.LOS_Start         los_init.o
    0x080022d4   0x080022d4   0x0000007c   Code   RO          523    i.LOS_SwtmrCreate   los_swtmr.o
    0x08002350   0x08002350   0x00000074   Code   RO          525    i.LOS_SwtmrStart    los_swtmr.o
    0x080023c4   0x080023c4   0x00000070   Code   RO          526    i.LOS_SwtmrStop     los_swtmr.o
    0x08002434   0x08002434   0x00000070   Code   RO          559    i.LOS_TaskCreate    los_task.o
    0x080024a4   0x080024a4   0x00000150   Code   RO          560    i.LOS_TaskCreateOnly  los_task.o
    0x080025f4   0x080025f4   0x0000006c   Code   RO          561    i.LOS_TaskDelay     los_task.o
    0x08002660   0x08002660   0x00000138   Code   RO          562    i.LOS_TaskDelete    los_task.o
    0x08002798   0x08002798   0x0000008c   Code   RO          570    i.LOS_TaskResume    los_task.o
    0x08002824   0x08002824   0x000000b4   Code   RO          572    i.LOS_TaskSuspend   los_task.o
    0x080028d8   0x080028d8   0x00000070   Code   RO          575    i.LOS_TaskYield     los_task.o
    0x08002948   0x08002948   0x0000000c   Code   RO          545    i.LOS_TickCountGet  los_sys.o
    0x08002954   0x08002954   0x00000020   Code   RO           74    i.LPUART1_IRQHandler  stm32l4xx_it.o
    0x08002974   0x08002974   0x00000050   Code   RO           13    i.LPUART_IDLECallBack  main.o
    0x080029c4   0x080029c4   0x0000004c   Code   RO           55    i.MX_DMA_Init       dma.o
    0x08002a10   0x08002a10   0x000000b0   Code   RO           51    i.MX_GPIO_Init      gpio.o
    0x08002ac0   0x08002ac0   0x00000050   Code   RO           61    i.MX_LPUART1_UART_Init  usart.o
    0x08002b10   0x08002b10   0x00000050   Code   RO           62    i.MX_USART1_UART_Init  usart.o
    0x08002b60   0x08002b60   0x00000002   Code   RO           75    i.MemManage_Handler  stm32l4xx_it.o
    0x08002b62   0x08002b62   0x00000002   PAD
    0x08002b64   0x08002b64   0x000000f8   Code   RO           14    i.NB_create_tcpsocket  main.o
    0x08002c5c   0x08002c5c   0x00000002   Code   RO           76    i.NMI_Handler       stm32l4xx_it.o
    0x08002c5e   0x08002c5e   0x00000020   Code   RO          472    i.NVIC_SetPriority  stm32l4xx_hal_cortex.o
    0x08002c7e   0x08002c7e   0x00000002   PAD
    0x08002c80   0x08002c80   0x0000012c   Code   RO          335    i.RCCEx_PLLSAI1_Config  stm32l4xx_hal_rcc_ex.o
    0x08002dac   0x08002dac   0x0000007c   Code   RO          305    i.RCC_SetFlashLatencyFromMSIRange  stm32l4xx_hal_rcc.o
    0x08002e28   0x08002e28   0x00000002   Code   RO           77    i.SVC_Handler       stm32l4xx_it.o
    0x08002e2a   0x08002e2a   0x00000002   PAD
    0x08002e2c   0x08002e2c   0x00000024   Code   RO          499    i.SysTick_Handler   los_hwi.o
    0x08002e50   0x08002e50   0x00000094   Code   RO           15    i.SystemClock_Config  main.o
    0x08002ee4   0x08002ee4   0x00000044   Code   RO          477    i.SystemInit        system_stm32l4xx.o
    0x08002f28   0x08002f28   0x000000c8   Code   RO          126    i.UART_AdvFeatureConfig  stm32l4xx_hal_uart.o
    0x08002ff0   0x08002ff0   0x0000005c   Code   RO          127    i.UART_CheckIdleState  stm32l4xx_hal_uart.o
    0x0800304c   0x0800304c   0x00000014   Code   RO          128    i.UART_DMAAbortOnError  stm32l4xx_hal_uart.o
    0x08003060   0x08003060   0x0000004a   Code   RO          129    i.UART_DMAError     stm32l4xx_hal_uart.o
    0x080030aa   0x080030aa   0x0000003e   Code   RO          130    i.UART_DMAReceiveCplt  stm32l4xx_hal_uart.o
    0x080030e8   0x080030e8   0x0000000a   Code   RO          132    i.UART_DMARxHalfCplt  stm32l4xx_hal_uart.o
    0x080030f2   0x080030f2   0x00000020   Code   RO          138    i.UART_EndRxTransfer  stm32l4xx_hal_uart.o
    0x08003112   0x08003112   0x00000012   Code   RO          139    i.UART_EndTxTransfer  stm32l4xx_hal_uart.o
    0x08003124   0x08003124   0x00000254   Code   RO          142    i.UART_SetConfig    stm32l4xx_hal_uart.o
    0x08003378   0x08003378   0x00000064   Code   RO          145    i.UART_WaitOnFlagUntilTimeout  stm32l4xx_hal_uart.o
    0x080033dc   0x080033dc   0x00000020   Code   RO           78    i.USART1_IRQHandler  stm32l4xx_it.o
    0x080033fc   0x080033fc   0x00000048   Code   RO           16    i.USART_IDLECallBack  main.o
    0x08003444   0x08003444   0x00000002   Code   RO           79    i.UsageFault_Handler  stm32l4xx_it.o
    0x08003446   0x08003446   0x00000002   Code   RO           17    i._Error_Handler    main.o
    0x08003448   0x08003448   0x00000020   Code   RO          885    i.__0printf$8       mc_w.l(printf8.o)
    0x08003468   0x08003468   0x00000028   Code   RO          887    i.__0sprintf$8      mc_w.l(printf8.o)
    0x08003490   0x08003490   0x0000000e   Code   RO          943    i.__scatterload_copy  mc_w.l(handlers.o)
    0x0800349e   0x0800349e   0x00000002   Code   RO          944    i.__scatterload_null  mc_w.l(handlers.o)
    0x080034a0   0x080034a0   0x0000000e   Code   RO          945    i.__scatterload_zeroinit  mc_w.l(handlers.o)
    0x080034ae   0x080034ae   0x00000002   PAD
    0x080034b0   0x080034b0   0x00000416   Code   RO          892    i._printf_core      mc_w.l(printf8.o)
    0x080038c6   0x080038c6   0x00000024   Code   RO          893    i._printf_post_padding  mc_w.l(printf8.o)
    0x080038ea   0x080038ea   0x0000002e   Code   RO          894    i._printf_pre_padding  mc_w.l(printf8.o)
    0x08003918   0x08003918   0x0000000a   Code   RO          896    i._sputc            mc_w.l(printf8.o)
    0x08003922   0x08003922   0x00000002   PAD
    0x08003924   0x08003924   0x00000088   Code   RO           18    i.alive_task        main.o
    0x080039ac   0x080039ac   0x0000004c   Code   RO          765    i.arrayToStr        hex_dec.o
    0x080039f8   0x080039f8   0x000000c0   Code   RO           19    i.comprehension_task  main.o
    0x08003ab8   0x08003ab8   0x0000001c   Code   RO           20    i.fputc             main.o
    0x08003ad4   0x08003ad4   0x00000154   Code   RO           21    i.main              main.o
    0x08003c28   0x08003c28   0x00000014   Code   RO           22    i.mysizeof          main.o
    0x08003c3c   0x08003c3c   0x0000002c   Code   RO           23    i.mystrstr          main.o
    0x08003c68   0x08003c68   0x0000001a   Code   RO          665    i.osAlarmHeapInfo   los_heap.o
    0x08003c82   0x08003c82   0x0000001e   Code   RO          700    i.osAtomicBitsetClearBit  los_slab.o
    0x08003ca0   0x08003ca0   0x00000042   Code   RO          702    i.osAtomicBitsetFindClearAndSet  los_slab.o
    0x08003ce2   0x08003ce2   0x00000022   Code   RO          703    i.osAtomicBitsetGetBit  los_slab.o
    0x08003d04   0x08003d04   0x0000002c   Code   RO          705    i.osAtomicBitsetInit  los_slab.o
    0x08003d30   0x08003d30   0x00000120   Code   RO          666    i.osHeapAlloc       los_heap.o
    0x08003e50   0x08003e50   0x0000003a   Code   RO          667    i.osHeapAllocAlign  los_heap.o
    0x08003e8a   0x08003e8a   0x00000002   PAD
    0x08003e8c   0x08003e8c   0x00000104   Code   RO          668    i.osHeapFree        los_heap.o
    0x08003f90   0x08003f90   0x0000003a   Code   RO          671    i.osHeapInit        los_heap.o
    0x08003fca   0x08003fca   0x00000016   Code   RO          672    i.osHeapPrvGetNext  los_heap.o
    0x08003fe0   0x08003fe0   0x00000048   Code   RO          673    i.osHeapStatisticsGet  los_heap.o
    0x08004028   0x08004028   0x00000002   Code   RO          579    i.osIdleTask        los_task.o
    0x0800402a   0x0800402a   0x00000002   PAD
    0x0800402c   0x0800402c   0x00000040   Code   RO          580    i.osIdleTaskCreate  los_task.o
    0x0800406c   0x0800406c   0x00000006   Code   RO          500    i.osIntNumGet       los_hwi.o
    0x08004072   0x08004072   0x00000002   PAD
    0x08004074   0x08004074   0x00000014   Code   RO          687    i.osMemSystemInit   los_memory.o
    0x08004088   0x08004088   0x00000058   Code   RO          627    i.osMuxInit         los_mux.o
    0x080040e0   0x080040e0   0x00000038   Code   RO          513    i.osPriqueueDequeue  los_priqueue.o
    0x08004118   0x08004118   0x00000030   Code   RO          514    i.osPriqueueEnqueue  los_priqueue.o
    0x08004148   0x08004148   0x00000034   Code   RO          515    i.osPriqueueInit    los_priqueue.o
    0x0800417c   0x0800417c   0x00000024   Code   RO          516    i.osPriqueueSize    los_priqueue.o
    0x080041a0   0x080041a0   0x0000001c   Code   RO          517    i.osPriqueueTop     los_priqueue.o
    0x080041bc   0x080041bc   0x000000d0   Code   RO          642    i.osQueueBufferOperate  los_queue.o
    0x0800428c   0x0800428c   0x0000005c   Code   RO          643    i.osQueueInit       los_queue.o
    0x080042e8   0x080042e8   0x0000016e   Code   RO          646    i.osQueueOperate    los_queue.o
    0x08004456   0x08004456   0x00000002   PAD
    0x08004458   0x08004458   0x00000034   Code   RO          647    i.osQueueReadParameterCheck  los_queue.o
    0x0800448c   0x0800448c   0x00000034   Code   RO          648    i.osQueueWriteParameterCheck  los_queue.o
    0x080044c0   0x080044c0   0x00000004   Code   RO          486    i.osSchedule        los_hw.o
    0x080044c4   0x080044c4   0x0000009c   Code   RO          659    i.osSemCreate       los_sem.o
    0x08004560   0x08004560   0x00000054   Code   RO          660    i.osSemInit         los_sem.o
    0x080045b4   0x080045b4   0x0000001c   Code   RO          706    i.osSlabAllocatorAlloc  los_slab.o
    0x080045d0   0x080045d0   0x00000038   Code   RO          710    i.osSlabAllocatorFree  los_slab.o
    0x08004608   0x08004608   0x00000046   Code   RO          717    i.osSlabAllocatorNew  los_slab.o
    0x0800464e   0x0800464e   0x00000014   Code   RO          723    i.osSlabBlockHeadFill  los_slabmem.o
    0x08004662   0x08004662   0x00000004   Code   RO          688    i.osSlabCtrlHdrGet  los_memory.o
    0x08004666   0x08004666   0x00000062   Code   RO          725    i.osSlabMemAlloc    los_slabmem.o
    0x080046c8   0x080046c8   0x0000005e   Code   RO          728    i.osSlabMemFree     los_slabmem.o
    0x08004726   0x08004726   0x00000002   PAD
    0x08004728   0x08004728   0x00000058   Code   RO          729    i.osSlabMemInit     los_slabmem.o
    0x08004780   0x08004780   0x00000074   Code   RO          529    i.osSwTmrInit       los_swtmr.o
    0x080047f4   0x080047f4   0x00000040   Code   RO          530    i.osSwTmrStart      los_swtmr.o
    0x08004834   0x08004834   0x0000003c   Code   RO          531    i.osSwTmrTask       los_swtmr.o
    0x08004870   0x08004870   0x00000040   Code   RO          532    i.osSwTmrTaskCreate  los_swtmr.o
    0x080048b0   0x080048b0   0x00000068   Code   RO          533    i.osSwTmrTimeoutHandle  los_swtmr.o
    0x08004918   0x08004918   0x00000014   Code   RO          534    i.osSwtmrDelete     los_swtmr.o
    0x0800492c   0x0800492c   0x0000001c   Code   RO          535    i.osSwtmrScan       los_swtmr.o
    0x08004948   0x08004948   0x0000003c   Code   RO          536    i.osSwtmrStop       los_swtmr.o
    0x08004984   0x08004984   0x00000084   Code   RO          581    i.osTaskAdd2TimerList  los_task.o
    0x08004a08   0x08004a08   0x0000002c   Code   RO          582    i.osTaskEntry       los_task.o
    0x08004a34   0x08004a34   0x00000004   Code   RO          487    i.osTaskExit        los_hw.o
    0x08004a38   0x08004a38   0x000000d4   Code   RO          583    i.osTaskInit        los_task.o
    0x08004b0c   0x08004b0c   0x0000002c   Code   RO          584    i.osTaskMonInit     los_task.o
    0x08004b38   0x08004b38   0x000000b4   Code   RO          586    i.osTaskScan        los_task.o
    0x08004bec   0x08004bec   0x0000013c   Code   RO          587    i.osTaskSwitchCheck  los_task.o
    0x08004d28   0x08004d28   0x0000004c   Code   RO          588    i.osTaskWait        los_task.o
    0x08004d74   0x08004d74   0x00000040   Code   RO          589    i.osTaskWake        los_task.o
    0x08004db4   0x08004db4   0x00000028   Code   RO          598    i.osTickHandler     los_tick.o
    0x08004ddc   0x08004ddc   0x00000070   Code   RO          495    i.osTickStart       los_hw_tick.o
    0x08004e4c   0x08004e4c   0x00000034   Code   RO          590    i.osTimerListDelete  los_task.o
    0x08004e80   0x08004e80   0x00000038   Code   RO          607    i.osTimesliceCheck  los_timeslice.o
    0x08004eb8   0x08004eb8   0x00000010   Code   RO          608    i.osTimesliceInit   los_timeslice.o
    0x08004ec8   0x08004ec8   0x00000084   Code   RO          488    i.osTskStackInit    los_hw.o
    0x08004f4c   0x08004f4c   0x000000ec   Code   RO           24    i.send_UDP_to_Ali   main.o
    0x08005038   0x08005038   0x00000034   Code   RO           26    i.timer1_callback   main.o
    0x0800506c   0x0800506c   0x00000024   Code   RO           27    i.udpsocket_task    main.o
    0x08005090   0x08005090   0x00000040   Data   RO          478    .constdata          system_stm32l4xx.o
    0x080050d0   0x080050d0   0x00000008   Data   RO          479    .constdata          system_stm32l4xx.o
    0x080050d8   0x080050d8   0x00000020   Data   RO          941    Region$$Table       anon$$obj.o


    Execution Region RW_IRAM1 (Exec base: 0x20000000, Load base: 0x080050f8, Size: 0x00001ff0, Max: 0x00010000, ABSOLUTE, COMPRESSED[0x0000004c])

    Exec Addr    Load Addr    Size         Type   Attr      Idx    E Section Name        Object

    0x20000000   COMPRESSED   0x00000070   Data   RW           35    .data               main.o
    0x20000070   COMPRESSED   0x00000004   Data   RW          198    .data               stm32l4xx_hal.o
    0x20000074   COMPRESSED   0x00000004   Data   RW          480    .data               system_stm32l4xx.o
    0x20000078   COMPRESSED   0x00000004   Data   RW          509    .data               los_init.o
    0x2000007c   COMPRESSED   0x00000008   Data   RW          519    .data               los_priqueue.o
    0x20000084   COMPRESSED   0x00000010   Data   RW          538    .data               los_swtmr.o
    0x20000094   COMPRESSED   0x00000048   Data   RW          593    .data               los_task.o
    0x200000dc   COMPRESSED   0x00000004   Data   RW          599    .data               los_tick.o
    0x200000e0   COMPRESSED   0x00000010   Data   RW          600    .data               los_tick.o
    0x200000f0   COMPRESSED   0x00000004   Data   RW          603    .data               los_tick.o
    0x200000f4   COMPRESSED   0x00000008   Data   RW          609    .data               los_timeslice.o
    0x200000fc   COMPRESSED   0x0000000c   Data   RW          628    .data               los_mux.o
    0x20000108   COMPRESSED   0x0000000c   Data   RW          649    .data               los_queue.o
    0x20000114   COMPRESSED   0x0000000c   Data   RW          661    .data               los_sem.o
    0x20000120   COMPRESSED   0x00000010   Data   RW          674    .data               los_heap.o
    0x20000130   COMPRESSED   0x00000004   Data   RW          689    .data               los_memory.o
    0x20000134   COMPRESSED   0x00000004   Data   RW          748    .data               los_err.o
    0x20000138   COMPRESSED   0x00000004   Data   RW          772    .data               mc_w.l(rand.o)
    0x2000013c   COMPRESSED   0x00000004   Data   RW          930    .data               mc_w.l(stdout.o)
    0x20000140        -       0x000017d8   Zero   RW           29    .bss                main.o
    0x20001918        -       0x00000180   Zero   RW           63    .bss                usart.o
    0x20001a98        -       0x00000156   Zero   RW          591    .bss                los_task.o
    0x20001bee   COMPRESSED   0x00000002   PAD
    0x20001bf0        -       0x00000400   Zero   RW            1    STACK               startup_stm32l431xx.o


==============================================================================

Image component sizes


      Code (inc. data)   RO Data    RW Data    ZI Data      Debug   Object Name

        76          4          0          0          0          0   dma.o
       176         16          0          0          0          0   gpio.o
       118          8          0          0          0          0   hex_dec.o
       258         24          0          0          0          0   los_dispatch_keil.o
        28          6          0          4          0          0   los_err.o
       784        100          0         16          0          0   los_heap.o
       204         18          0          0          0          0   los_hw.o
       112         26          0          0          0          0   los_hw_tick.o
        42          8          0          0          0          0   los_hwi.o
       300        138          0          4          0          0   los_init.o
       332         70          0          4          0          0   los_memory.o
        20          0          0          0          0          0   los_misc.o
       102         14          0         12          0          0   los_mux.o
       220         30          0          8          0          0   los_priqueue.o
      1052         94          0         12          0          0   los_queue.o
       764        196          0         12          0          0   los_sem.o
       328          0          0          0          0          0   los_slab.o
       300          0          0          0          0          0   los_slabmem.o
       868         88          0         16          0          0   los_swtmr.o
        40          4          0          0          0          0   los_sys.o
      2526        314          0         72        342          0   los_task.o
        40          6          0         24          0          0   los_tick.o
        72         16          0          8          0          0   los_timeslice.o
      2254        794          0        112       6104          0   main.o
       148          0          0          0          0          0   queue.o
        36          8        396          0       1024          0   startup_stm32l431xx.o
        90         12          0          4          0          0   stm32l4xx_hal.o
       218         14          0          0          0          0   stm32l4xx_hal_cortex.o
       672         14          0          0          0          0   stm32l4xx_hal_dma.o
       440         34          0          0          0          0   stm32l4xx_hal_gpio.o
       128          6          0          0          0          0   stm32l4xx_hal_msp.o
        16          4          0          0          0          0   stm32l4xx_hal_pwr.o
       120         20          0          0          0          0   stm32l4xx_hal_pwr_ex.o
      1860         92          0          0          0          0   stm32l4xx_hal_rcc.o
      1014         36          0          0          0          0   stm32l4xx_hal_rcc_ex.o
      2044         78          0          0          0          0   stm32l4xx_hal_uart.o
         2          0          0          0          0          0   stm32l4xx_hal_uart_ex.o
       114         20          0          0          0          0   stm32l4xx_it.o
        68         12         72          4          0          0   system_stm32l4xx.o
       408         96          0          0        384          0   usart.o

    ----------------------------------------------------------------------
     18430       2420        500        312       7856          0   Object Totals
         0          0         32          0          0          0   (incl. Generated)
        36          0          0          0          2          0   (incl. Padding)

    ----------------------------------------------------------------------

      Code (inc. data)   RO Data    RW Data    ZI Data      Debug   Library Member Name

        86          0          0          0          0          0   __dczerorl2.o
         0          0          0          0          0          0   entry.o
         0          0          0          0          0          0   entry10a.o
         0          0          0          0          0          0   entry11a.o
         8          4          0          0          0          0   entry2.o
         4          0          0          0          0          0   entry5.o
         0          0          0          0          0          0   entry7b.o
         0          0          0          0          0          0   entry8b.o
         8          4          0          0          0          0   entry9a.o
        30          0          0          0          0          0   handlers.o
        36          8          0          0          0          0   init.o
        30          0          0          0          0          0   llshl.o
        32          0          0          0          0          0   llushr.o
        36          0          0          0          0          0   memcpya.o
        36          0          0          0          0          0   memseta.o
      1210         60          0          0          0          0   printf8.o
        36         10          0          4          0          0   rand.o
         0          0          0          4          0          0   stdout.o
        18          0          0          0          0          0   strcpy.o
        14          0          0          0          0          0   strlen.o
        40          0          0          0          0          0   strncat.o
        24          0          0          0          0          0   strncpy.o
        36          0          0          0          0          0   strstr.o
       104          0          0          0          0          0   uldiv.o

    ----------------------------------------------------------------------
      1798         86          0          8          0          0   Library Totals
        10          0          0          0          0          0   (incl. Padding)

    ----------------------------------------------------------------------

      Code (inc. data)   RO Data    RW Data    ZI Data      Debug   Library Name

      1788         86          0          8          0          0   mc_w.l

    ----------------------------------------------------------------------
      1798         86          0          8          0          0   Library Totals

    ----------------------------------------------------------------------

==============================================================================


      Code (inc. data)   RO Data    RW Data    ZI Data      Debug   

     20228       2506        500        320       7856          0   Grand Totals
     20228       2506        500         76       7856          0   ELF Image Totals (compressed)
     20228       2506        500         76          0          0   ROM Totals

==============================================================================

    Total RO  Size (Code + RO Data)                20728 (  20.24kB)
    Total RW  Size (RW Data + ZI Data)              8176 (   7.98kB)
    Total ROM Size (Code + RO Data + RW Data)      20804 (  20.32kB)

==============================================================================

