<html>
<body>
<pre>
<h1>µVision Build Log</h1>
<h2>Tool Versions:</h2>
IDE-Version: ¶ÃVision V5.26.2.0
Copyright (C) 2018 ARM Ltd and ARM Germany GmbH. All rights reserved.
License Information: 12 Microsoft, Microsoft, LIC=NQQMA-1SK0L-56MQ2-9W736-XWRZ8-1H2FT
 
Tool Versions:
Toolchain:       MDK-ARM Plus  Version: 5.26.2.0
Toolchain Path:  D:\uvision5\ARM\ARMCC\Bin
C Compiler:      Armcc.exe V5.06 update 6 (build 750)
Assembler:       Armasm.exe V5.06 update 6 (build 750)
Linker/Locator:  ArmLink.exe V5.06 update 6 (build 750)
Library Manager: ArmAr.exe V5.06 update 6 (build 750)
Hex Converter:   FromElf.exe V5.06 update 6 (build 750)
CPU DLL:         SARMCM3.DLL V5.26.2.0
Dialog DLL:      DCM.DLL V1.17.2.0
Target DLL:      STLink\ST-LINKIII-KEIL_SWO.dll V3.0.5.0
Dialog DLL:      TCM.DLL V1.36.1.0
 
<h2>Project:</h2>
F:\ ÓºŸ±∏∑›\MQTT_and_LiteOS_udp_test_temp\MDK-ARM\MQTT_and_LiteOS.uvprojx
Project File Date:  11/05/2020

<h2>Output:</h2>
*** Using Compiler 'V5.06 update 6 (build 750)', folder: 'D:\uvision5\ARM\ARMCC\Bin'
Rebuild target 'MQTT_and_LiteOS'
assembling startup_stm32l431xx.s...
compiling stm32l4xx_it.c...
compiling gpio.c...
compiling stm32l4xx_hal_msp.c...
compiling dma.c...
compiling usart.c...
compiling main.c...
..\queue\queue.h(28): warning:  #1-D: last line of file ends without a newline
  #endif
../Src/main.c(188): warning:  #167-D: argument of type "uint8_t *" is incompatible with parameter of type "char *restrict"
  	sprintf(n_string,"s%x",n);
../Src/main.c(189): warning:  #167-D: argument of type "uint8_t *" is incompatible with parameter of type "const char *"
  	int n_size = (strlen(n_string)-1)/2;
../Src/main.c(191): warning:  #167-D: argument of type "uint8_t *" is incompatible with parameter of type "char *restrict"
  	sprintf(send_cmd,"AT+NSOST=%s,%s,%s,%d,%s\r\n",NB_socket,SERVER_IP,SERVER_PORT,n_size+1,n_string);
../Src/main.c(194): warning:  #177-D: variable "i"  was declared but never referenced
  	int i=0;
../Src/main.c(249): warning:  #167-D: argument of type "char *" is incompatible with parameter of type "uint8_t *"
  			if(mystrstr(temp,"+NSONMI")){
../Src/main.c(626): warning:  #167-D: argument of type "uint8_t *" is incompatible with parameter of type "char *"
  	EnQueue(&mes_Q,data);
../Src/main.c: 7 warnings, 0 errors
compiling stm32l4xx_hal_tim_ex.c...
compiling stm32l4xx_hal_tim.c...
compiling stm32l4xx_hal_uart_ex.c...
compiling stm32l4xx_hal.c...
compiling stm32l4xx_hal_i2c_ex.c...
compiling stm32l4xx_hal_uart.c...
compiling stm32l4xx_hal_flash.c...
compiling stm32l4xx_hal_flash_ramfunc.c...
compiling stm32l4xx_hal_rcc.c...
compiling stm32l4xx_hal_flash_ex.c...
compiling stm32l4xx_hal_rcc_ex.c...
compiling stm32l4xx_hal_gpio.c...
compiling stm32l4xx_hal_dma_ex.c...
compiling stm32l4xx_hal_i2c.c...
compiling stm32l4xx_hal_pwr.c...
compiling stm32l4xx_hal_dma.c...
compiling stm32l4xx_hal_pwr_ex.c...
compiling system_stm32l4xx.c...
compiling stm32l4xx_hal_cortex.c...
assembling los_dispatch_keil.S...
compiling los_hw.c...
compiling los_hwi.c...
compiling los_hw_tick.c...
compiling los_init.c...
compiling los_priqueue.c...
compiling los_sys.c...
compiling los_swtmr.c...
compiling los_tick.c...
compiling los_timeslice.c...
compiling los_event.c...
compiling los_mux.c...
compiling los_task.c...
compiling los_heap.c...
compiling los_sem.c...
compiling los_queue.c...
compiling los_memory.c...
compiling los_memstat.c...
compiling los_memcheck.c...
compiling los_slab.c...
compiling los_err.c...
compiling los_misc.c...
compiling los_membox.c...
compiling los_slabmem.c...
compiling los_tickless.c...
compiling MQTT.c...
..\MQTT\MQTT.h(40): warning:  #1-D: last line of file ends without a newline
  int hex_to_NB(uint8_t *bufin, int bufin_len, uint8_t *bufout);
..\MQTT\MQTT.c(156): warning:  #167-D: argument of type "uint8_t *" is incompatible with parameter of type "char *restrict"
          sprintf(bufout+i*2, "%02X", bufin[i]);
..\MQTT\MQTT.c: 2 warnings, 0 errors
compiling queue.c...
..\queue\queue.h(28): warning:  #1-D: last line of file ends without a newline
  #endif
..\queue\queue.c(52): warning:  #1-D: last line of file ends without a newline
  }
..\queue\queue.c: 2 warnings, 0 errors
compiling hex_dec.c...
..\hex_dec\hex_dec.c(43): warning:  #1-D: last line of file ends without a newline
  }
..\hex_dec\hex_dec.c: 1 warning, 0 errors
linking...
Program Size: Code=19740 RO-data=500 RW-data=336 ZI-data=7920  
"MQTT_and_LiteOS\MQTT_and_LiteOS.axf" - 0 Error(s), 12 Warning(s).

<h2>Software Packages used:</h2>

Package Vendor: ARM
                http://www.keil.com/pack/ARM.CMSIS.5.4.0.pack
                ARM.CMSIS.5.4.0
                CMSIS (Cortex Microcontroller Software Interface Standard)
   * Component: CORE Version: 5.1.2

Package Vendor: Keil
                http://www.keil.com/pack/Keil.STM32L4xx_DFP.2.2.0.pack
                Keil.STM32L4xx_DFP.2.2.0
                STMicroelectronics STM32L4 Series Device Support, Drivers and Examples

<h2>Collection of Component include folders:</h2>
  .\RTE\_MQTT_and_LiteOS
  D:\uvision5\ARM\PACK\ARM\CMSIS\5.4.0\CMSIS\Core\Include
  D:\uvision5\ARM\PACK\Keil\STM32L4xx_DFP\2.2.0\Drivers\CMSIS\Device\ST\STM32L4xx\Include

<h2>Collection of Component Files used:</h2>

   * Component: ARM::CMSIS:CORE:5.1.2
Build Time Elapsed:  00:00:02
</pre>
</body>
</html>
